Product: MDK-ARM Lite 5.10
Component: ARM Compiler 5.04 update 1 (build 49)
Tool: armlink [5040049]

==============================================================================

Section Cross References

    main.o(.text) refers to _printf_percent.o(.ARM.Collect$$_printf_percent$$00000000) for _printf_percent
    main.o(.text) refers to _printf_f.o(.ARM.Collect$$_printf_percent$$00000003) for _printf_f
    main.o(.text) refers to printf1.o(x$fpl$printf1) for _printf_fp_dec
    main.o(.text) refers to delay.o(.text) for delay_init
    main.o(.text) refers to usart1.o(.text) for USART1_Init
    main.o(.text) refers to myspi.o(.text) for BME280init
    main.o(.text) refers to bme280.o(.text) for BME280Begininit
    main.o(.text) refers to __2printf.o(.text) for __2printf
    system_stm32f0xx.o(.text) refers to aeabi_sdiv.o(.text) for __aeabi_uidivmod
    system_stm32f0xx.o(.text) refers to system_stm32f0xx.o(.data) for SystemCoreClock
    myspi.o(.text) refers to stm32f0xx_rcc.o(.text) for RCC_APB2PeriphClockCmd
    myspi.o(.text) refers to stm32f0xx_gpio.o(.text) for GPIO_Init
    bme280.o(.text) refers to _printf_percent.o(.ARM.Collect$$_printf_percent$$00000000) for _printf_percent
    bme280.o(.text) refers to _printf_d.o(.ARM.Collect$$_printf_percent$$00000009) for _printf_d
    bme280.o(.text) refers to _printf_dec.o(.text) for _printf_int_dec
    bme280.o(.text) refers to myspi.o(.text) for SPI_Write_OneByte
    bme280.o(.text) refers to __2printf.o(.text) for __2printf
    bme280.o(.text) refers to dflti.o(.text) for __aeabi_i2d
    bme280.o(.text) refers to ddiv.o(.text) for __aeabi_ddiv
    bme280.o(.text) refers to aeabi_sdiv.o(.text) for __aeabi_uidivmod
    bme280.o(.text) refers to bme280.o(.bss) for bme280_calib
    bme280.o(.text) refers to bme280.o(.data) for t_fine
    startup_stm32f0xx.o(STACK) refers (Special) to heapauxi.o(.text) for __use_two_region_memory
    startup_stm32f0xx.o(HEAP) refers (Special) to heapauxi.o(.text) for __use_two_region_memory
    startup_stm32f0xx.o(RESET) refers (Special) to heapauxi.o(.text) for __use_two_region_memory
    startup_stm32f0xx.o(RESET) refers to startup_stm32f0xx.o(STACK) for __initial_sp
    startup_stm32f0xx.o(RESET) refers to startup_stm32f0xx.o(.text) for Reset_Handler
    startup_stm32f0xx.o(RESET) refers to stm32f0xx_it.o(.text) for NMI_Handler
    startup_stm32f0xx.o(RESET) refers to usart1.o(.text) for USART1_IRQHandler
    startup_stm32f0xx.o(.text) refers (Special) to heapauxi.o(.text) for __use_two_region_memory
    startup_stm32f0xx.o(.text) refers to system_stm32f0xx.o(.text) for SystemInit
    startup_stm32f0xx.o(.text) refers to __main.o(!!!main) for __main
    startup_stm32f0xx.o(.text) refers to startup_stm32f0xx.o(HEAP) for Heap_Mem
    startup_stm32f0xx.o(.text) refers to startup_stm32f0xx.o(STACK) for Stack_Mem
    led.o(.text) refers to stm32f0xx_rcc.o(.text) for RCC_AHBPeriphClockCmd
    led.o(.text) refers to stm32f0xx_gpio.o(.text) for GPIO_Init
    usart1.o(.emb_text) refers (Special) to use_no_semi_2.o(.text) for __use_no_semihosting
    usart1.o(.text) refers (Special) to use_no_semi_2.o(.text) for __use_no_semihosting
    usart1.o(.text) refers to stm32f0xx_rcc.o(.text) for RCC_AHBPeriphClockCmd
    usart1.o(.text) refers to stm32f0xx_gpio.o(.text) for GPIO_PinAFConfig
    usart1.o(.text) refers to stm32f0xx_usart.o(.text) for USART_Init
    usart1.o(.text) refers to stm32f0xx_misc.o(.text) for NVIC_Init
    usart1.o(.text) refers to usart1.o(.data) for res
    usart1.o(.data) refers (Special) to use_no_semi_2.o(.text) for __use_no_semihosting
    usart1_api.o(.text) refers to printf.o(.text) for printf
    usart1_api.o(.text) refers to usart1_api.o(.data) for sKeyPross
    key.o(.text) refers to stm32f0xx_rcc.o(.text) for RCC_AHBPeriphClockCmd
    key.o(.text) refers to stm32f0xx_gpio.o(.text) for GPIO_Init
    key.o(.text) refers to delay.o(.text) for delay_ms
    stm32f0xx_spi.o(.text) refers to stm32f0xx_rcc.o(.text) for RCC_APB2PeriphResetCmd
    stm32f0xx_spi.o(.text) refers to aeabi_sdiv.o(.text) for __aeabi_uidivmod
    delay.o(.text) refers to stm32f0xx_misc.o(.text) for SysTick_CLKSourceConfig
    delay.o(.text) refers to aeabi_sdiv.o(.text) for __aeabi_uidivmod
    delay.o(.text) refers to system_stm32f0xx.o(.data) for SystemCoreClock
    delay.o(.text) refers to delay.o(.data) for fac_us
    stm32f0xx_gpio.o(.text) refers to stm32f0xx_rcc.o(.text) for RCC_AHBPeriphResetCmd
    stm32f0xx_rcc.o(.text) refers to aeabi_sdiv.o(.text) for __aeabi_uidivmod
    stm32f0xx_rcc.o(.text) refers to stm32f0xx_rcc.o(.data) for APBAHBPrescTable
    stm32f0xx_usart.o(.text) refers to stm32f0xx_rcc.o(.text) for RCC_APB2PeriphResetCmd
    stm32f0xx_usart.o(.text) refers to aeabi_sdiv.o(.text) for __aeabi_uidivmod
    use_no_semi_2.o(.text) refers (Special) to use_no_semi.o(.text) for __use_no_semihosting_swi
[...]
    _printf_fp_hex.o(.constdata) refers (Special) to usenofp.o(x$fpl$usenofp) for __I$use$fp
    _printf_char_common.o(.text) refers to __printf_flags_ss_wp.o(.text) for __printf
    _printf_fp_infnan.o(.text) refers (Weak) to _printf_pad.o(.text) for _printf_pre_padding
    _printf_fp_infnan.o(.text) refers (Weak) to _printf_pad.o(.text) for _printf_post_padding
    _printf_char.o(.text) refers (Weak) to _printf_str.o(.text) for _printf_str
    _printf_wchar.o(.text) refers (Weak) to _printf_wctomb.o(.text) for _printf_wctomb
    bigflt0.o(.text) refers (Special) to usenofp.o(x$fpl$usenofp) for __I$use$fp
    bigflt0.o(.text) refers to aeabi_sdiv.o(.text) for __aeabi_idivmod
    bigflt0.o(.text) refers to btod.o(.text) for _btod_emul
    bigflt0.o(.text) refers to bigflt0.o(.constdata) for .constdata
    bigflt0.o(.constdata) refers (Special) to usenofp.o(x$fpl$usenofp) for __I$use$fp
    btod.o(.text) refers to btod.o(i.__ARM_common_ll_muluu) for __ARM_common_ll_muluu
    _wcrtomb.o(.text) refers to rt_ctype_table.o(.text) for __rt_ctype_table
    lc_numeric_c.o(locale$$data) refers (Special) to libinit2.o(.ARM.Collect$$libinit$$00000014) for __rt_lib_init_lc_numeric_2
    lc_numeric_c.o(locale$$code) refers (Special) to libinit2.o(.ARM.Collect$$libinit$$00000014) for __rt_lib_init_lc_numeric_2
    lc_numeric_c.o(locale$$code) refers to strcmp.o(.text) for strcmp
    lc_numeric_c.o(locale$$code) refers to lc_numeric_c.o(locale$$data) for __lcnum_c_name
    ieee_status.o(.text) refers (Special) to usenofp.o(x$fpl$usenofp) for __I$use$fp
    fpclassify.o(i.__ARM_fpclassify) refers (Special) to usenofp.o(x$fpl$usenofp) for __I$use$fp
    libspace.o(.text) refers to libspace.o(.bss) for __libspace_start
    sys_stackheap_outer.o(.text) refers to libspace.o(.text) for __user_perproc_libspace
    sys_stackheap_outer.o(.text) refers to startup_stm32f0xx.o(.text) for __user_initial_stackheap
    sys_stackheap_outer.o(__vectab_stack_and_reset_area) refers to tempstk.o(.text) for __temporary_stack_top
    sys_stackheap_outer.o(__vectab_stack_and_reset_area) refers to __main.o(!!!main) for __main
    rt_ctype_table.o(.text) refers to rt_locale_intlibspace.o(.text) for __rt_locale
    rt_ctype_table.o(.text) refers to lc_ctype_c.o(locale$$code) for _get_lc_ctype
    exit.o(.text) refers to rtexit.o(.ARM.Collect$$rtexit$$00000000) for __rt_exit
    defsig_fpe_outer.o(.text) refers to defsig_fpe_inner.o(.text) for __rt_SIGFPE_inner
    defsig_fpe_outer.o(.text) refers to defsig_exit.o(.text) for __sig_exit
    defsig_fpe_formal.o(.text) refers to rt_raise.o(.text) for __rt_raise
    libinit.o(.ARM.Collect$$libinit$$00000000) refers (Special) to libinit2.o(.ARM.Collect$$libinit$$0000002C) for __rt_lib_init_alloca_1
    libinit.o(.ARM.Collect$$libinit$$00000000) refers (Special) to libinit2.o(.ARM.Collect$$libinit$$0000002A) for __rt_lib_init_argv_1
    libinit.o(.ARM.Collect$$libinit$$00000000) refers (Special) to libinit2.o(.ARM.Collect$$libinit$$00000019) for __rt_lib_init_atexit_1
    libinit.o(.ARM.Collect$$libinit$$00000000) refers (Special) to libinit2.o(.ARM.Collect$$libinit$$0000001F) for __rt_lib_init_clock_1
    libinit.o(.ARM.Collect$$libinit$$00000000) refers (Special) to libinit2.o(.ARM.Collect$$libinit$$00000030) for __rt_lib_init_cpp_1
    libinit.o(.ARM.Collect$$libinit$$00000000) refers (Special) to libinit2.o(.ARM.Collect$$libinit$$0000002E) for __rt_lib_init_exceptions_1
    libinit.o(.ARM.Collect$$libinit$$00000000) refers (Special) to libinit2.o(.ARM.Collect$$libinit$$00000001) for __rt_lib_init_fp_1
    libinit.o(.ARM.Collect$$libinit$$00000000) refers (Special) to libinit2.o(.ARM.Collect$$libinit$$0000001D) for __rt_lib_init_fp_trap_1
    libinit.o(.ARM.Collect$$libinit$$00000000) refers (Special) to libinit2.o(.ARM.Collect$$libinit$$00000021) for __rt_lib_init_getenv_1
    libinit.o(.ARM.Collect$$libinit$$00000000) refers (Special) to libinit2.o(.ARM.Collect$$libinit$$00000008) for __rt_lib_init_heap_1
    libinit.o(.ARM.Collect$$libinit$$00000000) refers (Special) to libinit2.o(.ARM.Collect$$libinit$$0000000F) for __rt_lib_init_lc_collate_1
    libinit.o(.ARM.Collect$$libinit$$00000000) refers (Special) to libinit2.o(.ARM.Collect$$libinit$$00000011) for __rt_lib_init_lc_ctype_1
    libinit.o(.ARM.Collect$$libinit$$00000000) refers (Special) to libinit2.o(.ARM.Collect$$libinit$$00000013) for __rt_lib_init_lc_monetary_1
    libinit.o(.ARM.Collect$$libinit$$00000000) refers (Special) to libinit2.o(.ARM.Collect$$libinit$$00000015) for __rt_lib_init_lc_numeric_1
    libinit.o(.ARM.Collect$$libinit$$00000000) refers (Special) to libinit2.o(.ARM.Collect$$libinit$$00000017) for __rt_lib_init_lc_time_1
    libinit.o(.ARM.Collect$$libinit$$00000000) refers (Special) to libinit2.o(.ARM.Collect$$libinit$$0000000C) for __rt_lib_init_rand_1
    libinit.o(.ARM.Collect$$libinit$$00000000) refers (Special) to libinit2.o(.ARM.Collect$$libinit$$00000031) for __rt_lib_init_return
    libinit.o(.ARM.Collect$$libinit$$00000000) refers (Special) to libinit2.o(.ARM.Collect$$libinit$$0000001B) for __rt_lib_init_signal_1
    libinit.o(.ARM.Collect$$libinit$$00000000) refers (Special) to libinit2.o(.ARM.Collect$$libinit$$00000023) for __rt_lib_init_stdio_1
    libinit.o(.ARM.Collect$$libinit$$00000000) refers (Special) to libinit2.o(.ARM.Collect$$libinit$$0000000A) for __rt_lib_init_user_alloc_1
    libinit2.o(.ARM.Collect$$libinit$$0000000D) refers (Weak) to rt_locale_intlibspace.o(.text) for __rt_locale
    libinit2.o(.ARM.Collect$$libinit$$0000000E) refers to libinit2.o(.ARM.Collect$$libinit$$0000000D) for .ARM.Collect$$libinit$$0000000D
    libinit2.o(.ARM.Collect$$libinit$$00000010) refers to libinit2.o(.ARM.Collect$$libinit$$0000000D) for .ARM.Collect$$libinit$$0000000D
    libinit2.o(.ARM.Collect$$libinit$$00000010) refers (Weak) to lc_ctype_c.o(locale$$code) for _get_lc_ctype
    libinit2.o(.ARM.Collect$$libinit$$00000012) refers to libinit2.o(.ARM.Collect$$libinit$$0000000D) for .ARM.Collect$$libinit$$0000000D
    libinit2.o(.ARM.Collect$$libinit$$00000014) refers to libinit2.o(.ARM.Collect$$libinit$$0000000D) for .ARM.Collect$$libinit$$0000000D
    libinit2.o(.ARM.Collect$$libinit$$00000014) refers (Weak) to lc_numeric_c.o(locale$$code) for _get_lc_numeric
    libinit2.o(.ARM.Collect$$libinit$$00000016) refers to libinit2.o(.ARM.Collect$$libinit$$0000000D) for .ARM.Collect$$libinit$$0000000D
    libinit2.o(.ARM.Collect$$libinit$$00000024) refers to argv_veneer.o(.text) for __ARM_argv_veneer
    libinit2.o(.ARM.Collect$$libinit$$00000025) refers to argv_veneer.o(.text) for __ARM_argv_veneer
    rtexit.o(.ARM.Collect$$rtexit$$00000000) refers (Special) to rtexit2.o(.ARM.Collect$$rtexit$$00000004) for __rt_exit_exit
    rtexit.o(.ARM.Collect$$rtexit$$00000000) refers (Special) to rtexit2.o(.ARM.Collect$$rtexit$$00000003) for __rt_exit_ls
    rtexit.o(.ARM.Collect$$rtexit$$00000000) refers (Special) to rtexit2.o(.ARM.Collect$$rtexit$$00000002) for __rt_exit_prels_1
    rtexit.o(.ARM.exidx) refers (Special) to rtexit2.o(.ARM.Collect$$rtexit$$00000004) for __rt_exit_exit
    rtexit.o(.ARM.exidx) refers (Special) to rtexit2.o(.ARM.Collect$$rtexit$$00000003) for __rt_exit_ls
    rtexit.o(.ARM.exidx) refers (Special) to rtexit2.o(.ARM.Collect$$rtexit$$00000002) for __rt_exit_prels_1
    rtexit.o(.ARM.exidx) refers to rtexit.o(.ARM.Collect$$rtexit$$00000000) for .ARM.Collect$$rtexit$$00000000
    rt_raise.o(.text) refers to __raise.o(.text) for __raise
    rt_raise.o(.text) refers to usart1.o(.text) for _sys_exit
    lc_ctype_c.o(locale$$data) refers (Special) to libinit2.o(.ARM.Collect$$libinit$$00000010) for __rt_lib_init_lc_ctype_2
    lc_ctype_c.o(locale$$code) refers (Special) to libinit2.o(.ARM.Collect$$libinit$$00000010) for __rt_lib_init_lc_ctype_2
    lc_ctype_c.o(locale$$code) refers to strcmp.o(.text) for strcmp
    lc_ctype_c.o(locale$$code) refers to lc_ctype_c.o(locale$$data) for __lcctype_c_name
    defsig_exit.o(.text) refers to usart1.o(.text) for _sys_exit
    defsig_fpe_inner.o(.text) refers to defsig_general.o(.text) for __default_signal_display
    rtexit2.o(.ARM.Collect$$rtexit$$00000003) refers to libshutdown.o(.ARM.Collect$$libshutdown$$00000000) for __rt_lib_shutdown
    rtexit2.o(.ARM.Collect$$rtexit$$00000004) refers to usart1.o(.text) for _sys_exit
    rtexit2.o(.ARM.exidx) refers to rtexit2.o(.ARM.Collect$$rtexit$$00000001) for .ARM.Collect$$rtexit$$00000001
    rtexit2.o(.ARM.exidx) refers to rtexit2.o(.ARM.Collect$$rtexit$$00000003) for .ARM.Collect$$rtexit$$00000003
    rtexit2.o(.ARM.exidx) refers to rtexit2.o(.ARM.Collect$$rtexit$$00000004) for .ARM.Collect$$rtexit$$00000004
    __raise.o(.text) refers to defsig.o(CL$$defsig) for __default_signal_handler
    defsig_general.o(.text) refers to sys_wrch.o(.text) for _ttywrch
    _get_argv_nomalloc.o(.text) refers (Special) to hrguard.o(.text) for __heap_region$guard
    _get_argv_nomalloc.o(.text) refers to defsig_rtmem_outer.o(.text) for __rt_SIGRTMEM
    _get_argv_nomalloc.o(.text) refers to sys_command.o(.text) for _sys_command_string
    sys_wrch.o(.text) refers (Special) to use_no_semi.o(.text) for __I$use$semihosting
    sys_wrch.o(.text) refers (Special) to indicate_semi.o(.text) for __semihosting_library_function
    sys_command.o(.text) refers (Special) to use_no_semi.o(.text) for __I$use$semihosting
    sys_command.o(.text) refers (Special) to indicate_semi.o(.text) for __semihosting_library_function
    defsig_rtmem_outer.o(.text) refers to defsig_rtmem_inner.o(.text) for __rt_SIGRTMEM_inner
    defsig_rtmem_outer.o(.text) refers to defsig_exit.o(.text) for __sig_exit
    defsig_rtmem_formal.o(.text) refers to rt_raise.o(.text) for __rt_raise
    defsig.o(CL$$defsig) refers to defsig_fpe_inner.o(.text) for __rt_SIGFPE_inner
    defsig.o(CL$$defsig) refers to defsig_rtmem_inner.o(.text) for __rt_SIGRTMEM_inner
    libshutdown.o(.ARM.Collect$$libshutdown$$00000000) refers (Special) to libshutdown2.o(.ARM.Collect$$libshutdown$$00000006) for __rt_lib_shutdown_fp_trap_1
    libshutdown.o(.ARM.Collect$$libshutdown$$00000000) refers (Special) to libshutdown2.o(.ARM.Collect$$libshutdown$$0000000E) for __rt_lib_shutdown_heap_1
    libshutdown.o(.ARM.Collect$$libshutdown$$00000000) refers (Special) to libshutdown2.o(.ARM.Collect$$libshutdown$$0000000F) for __rt_lib_shutdown_return
    libshutdown.o(.ARM.Collect$$libshutdown$$00000000) refers (Special) to libshutdown2.o(.ARM.Collect$$libshutdown$$00000009) for __rt_lib_shutdown_signal_1
    libshutdown.o(.ARM.Collect$$libshutdown$$00000000) refers (Special) to libshutdown2.o(.ARM.Collect$$libshutdown$$00000003) for __rt_lib_shutdown_stdio_1
    libshutdown.o(.ARM.Collect$$libshutdown$$00000000) refers (Special) to libshutdown2.o(.ARM.Collect$$libshutdown$$0000000B) for __rt_lib_shutdown_user_alloc_1
    defsig_abrt_inner.o(.text) refers to defsig_general.o(.text) for __default_signal_display
    defsig_rtred_inner.o(.text) refers to defsig_general.o(.text) for __default_signal_display
    defsig_rtmem_inner.o(.text) refers to defsig_general.o(.text) for __default_signal_display
    defsig_stak_inner.o(.text) refers to defsig_general.o(.text) for __default_signal_display
    defsig_pvfn_inner.o(.text) refers to defsig_general.o(.text) for __default_signal_display
    defsig_cppl_inner.o(.text) refers to defsig_general.o(.text) for __default_signal_display
    defsig_segv_inner.o(.text) refers to defsig_general.o(.text) for __default_signal_display
    defsig_other.o(.text) refers to defsig_general.o(.text) for __default_signal_display


==============================================================================

Removing Unused input sections from the image.

    Removing main.o(.emb_text), (8 bytes).
    Removing stm32f0xx_it.o(.emb_text), (8 bytes).
    Removing system_stm32f0xx.o(.emb_text), (8 bytes).
    Removing myspi.o(.emb_text), (8 bytes).
    Removing bme280.o(.emb_text), (8 bytes).
    Removing led.o(.emb_text), (8 bytes).
    Removing led.o(.text), (42 bytes).
    Removing usart1.o(.emb_text), (8 bytes).
    Removing usart1_api.o(.emb_text), (8 bytes).
    Removing usart1_api.o(.text), (32 bytes).
    Removing usart1_api.o(.constdata), (71 bytes).
    Removing usart1_api.o(.data), (8 bytes).
    Removing key.o(.emb_text), (8 bytes).
    Removing key.o(.text), (128 bytes).
    Removing stm32f0xx_spi.o(.emb_text), (8 bytes).
    Removing stm32f0xx_spi.o(.text), (956 bytes).
    Removing delay.o(.emb_text), (8 bytes).
    Removing stm32f0xx_gpio.o(.emb_text), (8 bytes).
    Removing stm32f0xx_rcc.o(.emb_text), (8 bytes).
    Removing stm32f0xx_misc.o(.emb_text), (8 bytes).
    Removing stm32f0xx_usart.o(.emb_text), (8 bytes).

21 unused section(s) (total 1357 bytes) removed from the image.

==============================================================================

Image Symbol Table

    Local Symbols

    Symbol Name                              Value     Ov Type        Size  Object(Section)

    ../clib/angel/boardlib.s                 0x00000000   Number         0  boardinit1.o ABSOLUTE
    ../clib/angel/boardlib.s                 0x00000000   Number         0  boardshut.o ABSOLUTE
    ../clib/angel/boardlib.s                 0x00000000   Number         0  boardinit3.o ABSOLUTE
    ../clib/angel/boardlib.s                 0x00000000   Number         0  boardinit2.o ABSOLUTE
    ../clib/angel/handlers.s                 0x00000000   Number         0  __scatter_zi.o ABSOLUTE
    ../clib/angel/handlers.s                 0x00000000   Number         0  __scatter_copy.o ABSOLUTE
    ../clib/angel/kernel.s                   0x00000000   Number         0  rtentry2.o ABSOLUTE
    ../clib/angel/kernel.s                   0x00000000   Number         0  rtexit2.o ABSOLUTE
    ../clib/angel/kernel.s                   0x00000000   Number         0  rtentry4.o ABSOLUTE
    ../clib/angel/kernel.s                   0x00000000   Number         0  rtentry.o ABSOLUTE
    ../clib/angel/kernel.s                   0x00000000   Number         0  rtexit.o ABSOLUTE
    ../clib/angel/rt.s                       0x00000000   Number         0  rt_locale_intlibspace.o ABSOLUTE
    ../clib/angel/rt.s                       0x00000000   Number         0  rt_locale.o ABSOLUTE
    ../clib/angel/rt.s                       0x00000000   Number         0  rt_div0.o ABSOLUTE
    ../clib/angel/rt.s                       0x00000000   Number         0  rt_ctype_table.o ABSOLUTE
    ../clib/angel/rt.s                       0x00000000   Number         0  rt_raise.o ABSOLUTE
    ../clib/angel/rt.s                       0x00000000   Number         0  aeabi_idiv0.o ABSOLUTE
    ../clib/angel/rt.s                       0x00000000   Number         0  aeabi_idiv0_sigfpe.o ABSOLUTE
    ../clib/angel/scatterp.s                 0x00000000   Number         0  __scatter.o ABSOLUTE
    ../clib/angel/startup.s                  0x00000000   Number         0  __main.o ABSOLUTE
    ../clib/angel/sys.s                      0x00000000   Number         0  libspace.o ABSOLUTE
    ../clib/angel/sys.s                      0x00000000   Number         0  tempstk.o ABSOLUTE
    ../clib/angel/sys.s                      0x00000000   Number         0  use_no_semi_2.o ABSOLUTE
    ../clib/angel/sys.s                      0x00000000   Number         0  use_no_semi.o ABSOLUTE
    ../clib/angel/sys.s                      0x00000000   Number         0  indicate_semi.o ABSOLUTE
    ../clib/angel/sys.s                      0x00000000   Number         0  sys_stackheap_outer.o ABSOLUTE
    ../clib/angel/sysapp.c                   0x00000000   Number         0  sys_command.o ABSOLUTE
    ../clib/angel/sysapp.c                   0x00000000   Number         0  sys_wrch.o ABSOLUTE
    ../clib/armsys.c                         0x00000000   Number         0  no_argv.o ABSOLUTE
    ../clib/armsys.c                         0x00000000   Number         0  _get_argv_nomalloc.o ABSOLUTE
    ../clib/armsys.c                         0x00000000   Number         0  argv_veneer.o ABSOLUTE
    ../clib/bigflt.c                         0x00000000   Number         0  bigflt0.o ABSOLUTE
    ../clib/btod.c                           0x00000000   Number         0  btod.o ABSOLUTE
    ../clib/division.c                       0x00000000   Number         0  rtudiv10.o ABSOLUTE
    ../clib/division.c                       0x00000000   Number         0  lludiv10.o ABSOLUTE
    ../clib/division.s                       0x00000000   Number         0  aeabi_sdiv.o ABSOLUTE
    ../clib/division.s                       0x00000000   Number         0  aeabi_sdiv_div0.o ABSOLUTE
    ../clib/heapalloc.c                      0x00000000   Number         0  hrguard.o ABSOLUTE
    ../clib/heapaux.c                        0x00000000   Number         0  heapauxi.o ABSOLUTE
    ../clib/libinit.s                        0x00000000   Number         0  libinit.o ABSOLUTE
    ../clib/libinit.s                        0x00000000   Number         0  libshutdown2.o ABSOLUTE
    ../clib/libinit.s                        0x00000000   Number         0  libshutdown.o ABSOLUTE
    ../clib/libinit.s                        0x00000000   Number         0  libinit2.o ABSOLUTE
    ../clib/locale.c                         0x00000000   Number         0  _wcrtomb.o ABSOLUTE
    ../clib/locale.s                         0x00000000   Number         0  lc_numeric_c.o ABSOLUTE
    ../clib/locale.s                         0x00000000   Number         0  lc_ctype_c.o ABSOLUTE
    ../clib/misc.s                           0x00000000   Number         0  printf_stubs.o ABSOLUTE
    ../clib/printf.c                         0x00000000   Number         0  _printf_fp_infnan.o ABSOLUTE
    ../clib/printf.c                         0x00000000   Number         0  _printf_char_common.o ABSOLUTE
    ../clib/printf.c                         0x00000000   Number         0  _printf_fp_hex.o ABSOLUTE
    ../clib/printf.c                         0x00000000   Number         0  __printf_flags_wp.o ABSOLUTE
    ../clib/printf.c                         0x00000000   Number         0  _printf_pad.o ABSOLUTE
    ../clib/printf.c                         0x00000000   Number         0  _printf_truncate.o ABSOLUTE
    ../clib/printf.c                         0x00000000   Number         0  _printf_str.o ABSOLUTE
    ../clib/printf.c                         0x00000000   Number         0  _printf_intcommon.o ABSOLUTE
    ../clib/printf.c                         0x00000000   Number         0  _printf_charcount.o ABSOLUTE
    ../clib/printf.c                         0x00000000   Number         0  _printf_fp_dec.o ABSOLUTE
    ../clib/printf.c                         0x00000000   Number         0  _printf_char_file.o ABSOLUTE
    ../clib/printf.c                         0x00000000   Number         0  _printf_wctomb.o ABSOLUTE
    ../clib/printf.c                         0x00000000   Number         0  _printf_longlong_dec.o ABSOLUTE
    ../clib/printf.c                         0x00000000   Number         0  _printf_oct_ll.o ABSOLUTE
    ../clib/printf.c                         0x00000000   Number         0  _printf_oct_int.o ABSOLUTE
    ../clib/printf.c                         0x00000000   Number         0  _printf_oct_int_ll.o ABSOLUTE
    ../clib/printf.c                         0x00000000   Number         0  _printf_hex_ll.o ABSOLUTE
    ../clib/printf.c                         0x00000000   Number         0  _printf_hex_int.o ABSOLUTE
    ../clib/printf.c                         0x00000000   Number         0  _printf_hex_int_ll.o ABSOLUTE
    ../clib/printf.c                         0x00000000   Number         0  _printf_hex_ptr.o ABSOLUTE
    ../clib/printf.c                         0x00000000   Number         0  _printf_hex_int_ptr.o ABSOLUTE
    ../clib/printf.c                         0x00000000   Number         0  _printf_hex_ll_ptr.o ABSOLUTE
    ../clib/printf.c                         0x00000000   Number         0  _printf_hex_int_ll_ptr.o ABSOLUTE
    ../clib/printf.c                         0x00000000   Number         0  __printf.o ABSOLUTE
    ../clib/printf.c                         0x00000000   Number         0  __printf_nopercent.o ABSOLUTE
    ../clib/printf.c                         0x00000000   Number         0  printf.o ABSOLUTE
    ../clib/printf.c                         0x00000000   Number         0  __2printf.o ABSOLUTE
    ../clib/printf.c                         0x00000000   Number         0  noretval__2printf.o ABSOLUTE
    ../clib/printf.c                         0x00000000   Number         0  _printf_dec.o ABSOLUTE
    ../clib/printf.c                         0x00000000   Number         0  __printf_flags.o ABSOLUTE
    ../clib/printf.c                         0x00000000   Number         0  __printf_ss.o ABSOLUTE
    ../clib/printf.c                         0x00000000   Number         0  __printf_flags_ss.o ABSOLUTE
    ../clib/printf.c                         0x00000000   Number         0  __printf_wp.o ABSOLUTE
    ../clib/printf.c                         0x00000000   Number         0  _printf_wchar.o ABSOLUTE
    ../clib/printf.c                         0x00000000   Number         0  __printf_ss_wp.o ABSOLUTE
    ../clib/printf.c                         0x00000000   Number         0  __printf_flags_ss_wp.o ABSOLUTE
    ../clib/printf.c                         0x00000000   Number         0  _printf_char.o ABSOLUTE
    ../clib/printf_percent.s                 0x00000000   Number         0  _printf_i.o ABSOLUTE
    ../clib/printf_percent.s                 0x00000000   Number         0  _printf_ls.o ABSOLUTE
    ../clib/printf_percent.s                 0x00000000   Number         0  _printf_percent_end.o ABSOLUTE
    ../clib/printf_percent.s                 0x00000000   Number         0  _printf_f.o ABSOLUTE
    ../clib/printf_percent.s                 0x00000000   Number         0  _printf_g.o ABSOLUTE
    ../clib/printf_percent.s                 0x00000000   Number         0  _printf_e.o ABSOLUTE
    ../clib/printf_percent.s                 0x00000000   Number         0  _printf_d.o ABSOLUTE
    ../clib/printf_percent.s                 0x00000000   Number         0  _printf_l.o ABSOLUTE
    ../clib/printf_percent.s                 0x00000000   Number         0  _printf_u.o ABSOLUTE
    ../clib/printf_percent.s                 0x00000000   Number         0  _printf_lli.o ABSOLUTE
    ../clib/printf_percent.s                 0x00000000   Number         0  _printf_o.o ABSOLUTE
    ../clib/printf_percent.s                 0x00000000   Number         0  _printf_lc.o ABSOLUTE
    ../clib/printf_percent.s                 0x00000000   Number         0  _printf_s.o ABSOLUTE
    ../clib/printf_percent.s                 0x00000000   Number         0  _printf_p.o ABSOLUTE
    ../clib/printf_percent.s                 0x00000000   Number         0  _printf_ll.o ABSOLUTE
    ../clib/printf_percent.s                 0x00000000   Number         0  _printf_llu.o ABSOLUTE
    ../clib/printf_percent.s                 0x00000000   Number         0  _printf_llx.o ABSOLUTE
    ../clib/printf_percent.s                 0x00000000   Number         0  _printf_lld.o ABSOLUTE
    ../clib/printf_percent.s                 0x00000000   Number         0  _printf_llo.o ABSOLUTE
    ../clib/printf_percent.s                 0x00000000   Number         0  _printf_a.o ABSOLUTE
    ../clib/printf_percent.s                 0x00000000   Number         0  _printf_c.o ABSOLUTE
    ../clib/printf_percent.s                 0x00000000   Number         0  _printf_percent.o ABSOLUTE
    ../clib/printf_percent.s                 0x00000000   Number         0  _printf_x.o ABSOLUTE
    ../clib/printf_percent.s                 0x00000000   Number         0  _printf_n.o ABSOLUTE
    ../clib/signal.c                         0x00000000   Number         0  defsig_rtmem_formal.o ABSOLUTE
    ../clib/signal.c                         0x00000000   Number         0  defsig_fpe_inner.o ABSOLUTE
    ../clib/signal.c                         0x00000000   Number         0  defsig_exit.o ABSOLUTE
    ../clib/signal.c                         0x00000000   Number         0  defsig_rtmem_inner.o ABSOLUTE
    ../clib/signal.c                         0x00000000   Number         0  defsig_abrt_inner.o ABSOLUTE
    ../clib/signal.c                         0x00000000   Number         0  defsig_stak_inner.o ABSOLUTE
    ../clib/signal.c                         0x00000000   Number         0  defsig_pvfn_inner.o ABSOLUTE
    ../clib/signal.c                         0x00000000   Number         0  defsig_cppl_inner.o ABSOLUTE
    ../clib/signal.c                         0x00000000   Number         0  defsig_segv_inner.o ABSOLUTE
    ../clib/signal.c                         0x00000000   Number         0  defsig_other.o ABSOLUTE
    ../clib/signal.c                         0x00000000   Number         0  defsig_fpe_formal.o ABSOLUTE
    ../clib/signal.c                         0x00000000   Number         0  defsig_fpe_outer.o ABSOLUTE
    ../clib/signal.c                         0x00000000   Number         0  defsig_rtred_inner.o ABSOLUTE
    ../clib/signal.c                         0x00000000   Number         0  __raise.o ABSOLUTE
    ../clib/signal.c                         0x00000000   Number         0  defsig_general.o ABSOLUTE
    ../clib/signal.c                         0x00000000   Number         0  defsig_rtmem_outer.o ABSOLUTE
    ../clib/signal.s                         0x00000000   Number         0  defsig.o ABSOLUTE
    ../clib/stdio.c                          0x00000000   Number         0  ferror_locked.o ABSOLUTE
    ../clib/stdio.c                          0x00000000   Number         0  ferror.o ABSOLUTE
    ../clib/stdlib.c                         0x00000000   Number         0  exit.o ABSOLUTE
    ../clib/string.c                         0x00000000   Number         0  strcmp.o ABSOLUTE
    ../fplib/cfplib/ddiv.c                   0x00000000   Number         0  ddiv.o ABSOLUTE
    ../fplib/cfplib/fflt.c                   0x00000000   Number         0  dflti.o ABSOLUTE
    ../fplib/cfplib/fpinit.c                 0x00000000   Number         0  fpinit.o ABSOLUTE
    ../fplib/cfplib/ieee_status.c            0x00000000   Number         0  ieee_status.o ABSOLUTE
    ../fplib/printf1.s                       0x00000000   Number         0  printf1.o ABSOLUTE
    ../fplib/printf2.s                       0x00000000   Number         0  printf2.o ABSOLUTE
    ../fplib/printf2a.s                      0x00000000   Number         0  printf2a.o ABSOLUTE
    ../fplib/printf2b.s                      0x00000000   Number         0  printf2b.o ABSOLUTE
    ../fplib/usenofp.s                       0x00000000   Number         0  usenofp.o ABSOLUTE
    ../mathlib/fpclassify.c                  0x00000000   Number         0  fpclassify.o ABSOLUTE
    ..\CORE\startup_stm32f0xx.s              0x00000000   Number         0  startup_stm32f0xx.o ABSOLUTE
    ..\HARDWARE\Key.c                        0x00000000   Number         0  key.o ABSOLUTE
    ..\HARDWARE\USART1.c                     0x00000000   Number         0  usart1.o ABSOLUTE
    ..\HARDWARE\USART1_API.c                 0x00000000   Number         0  usart1_api.o ABSOLUTE
    ..\HARDWARE\led.c                        0x00000000   Number         0  led.o ABSOLUTE
    ..\HARDWARE\stm32f0xx_spi.c              0x00000000   Number         0  stm32f0xx_spi.o ABSOLUTE
    ..\STM32F03x_FWLib\src\stm32f0xx_gpio.c  0x00000000   Number         0  stm32f0xx_gpio.o ABSOLUTE
    ..\STM32F03x_FWLib\src\stm32f0xx_misc.c  0x00000000   Number         0  stm32f0xx_misc.o ABSOLUTE
    ..\STM32F03x_FWLib\src\stm32f0xx_rcc.c   0x00000000   Number         0  stm32f0xx_rcc.o ABSOLUTE
    ..\STM32F03x_FWLib\src\stm32f0xx_usart.c 0x00000000   Number         0  stm32f0xx_usart.o ABSOLUTE
    ..\SYSTEM\delay.c                        0x00000000   Number         0  delay.o ABSOLUTE
    ..\\HARDWARE\\Key.c                      0x00000000   Number         0  key.o ABSOLUTE
    ..\\HARDWARE\\USART1.c                   0x00000000   Number         0  usart1.o ABSOLUTE
    ..\\HARDWARE\\USART1_API.c               0x00000000   Number         0  usart1_api.o ABSOLUTE
    ..\\HARDWARE\\led.c                      0x00000000   Number         0  led.o ABSOLUTE
    ..\\HARDWARE\\stm32f0xx_spi.c            0x00000000   Number         0  stm32f0xx_spi.o ABSOLUTE
    ..\\STM32F03x_FWLib\\src\\stm32f0xx_gpio.c 0x00000000   Number         0  stm32f0xx_gpio.o ABSOLUTE
    ..\\STM32F03x_FWLib\\src\\stm32f0xx_misc.c 0x00000000   Number         0  stm32f0xx_misc.o ABSOLUTE
    ..\\STM32F03x_FWLib\\src\\stm32f0xx_rcc.c 0x00000000   Number         0  stm32f0xx_rcc.o ABSOLUTE
    ..\\STM32F03x_FWLib\\src\\stm32f0xx_usart.c 0x00000000   Number         0  stm32f0xx_usart.o ABSOLUTE
    ..\\SYSTEM\\delay.c                      0x00000000   Number         0  delay.o ABSOLUTE
    BME280.c                                 0x00000000   Number         0  bme280.o ABSOLUTE
    BME280.c                                 0x00000000   Number         0  bme280.o ABSOLUTE
    dc.s                                     0x00000000   Number         0  dc.o ABSOLUTE
    main.c                                   0x00000000   Number         0  main.o ABSOLUTE
    main.c                                   0x00000000   Number         0  main.o ABSOLUTE
    mySPI.c                                  0x00000000   Number         0  myspi.o ABSOLUTE
    mySPI.c                                  0x00000000   Number         0  myspi.o ABSOLUTE
    stm32f0xx_it.c                           0x00000000   Number         0  stm32f0xx_it.o ABSOLUTE
    stm32f0xx_it.c                           0x00000000   Number         0  stm32f0xx_it.o ABSOLUTE
    system_stm32f0xx.c                       0x00000000   Number         0  system_stm32f0xx.o ABSOLUTE
    system_stm32f0xx.c                       0x00000000   Number         0  system_stm32f0xx.o ABSOLUTE
    RESET                                    0x08000000   Section      192  startup_stm32f0xx.o(RESET)
    !!!main                                  0x080000c0   Section        8  __main.o(!!!main)
    !!!scatter                               0x080000c8   Section       60  __scatter.o(!!!scatter)
    !!handler_copy                           0x08000104   Section       26  __scatter_copy.o(!!handler_copy)
    !!handler_zi                             0x08000120   Section       28  __scatter_zi.o(!!handler_zi)
    .ARM.Collect$$_printf_percent$$00000000  0x0800013c   Section        2  _printf_percent.o(.ARM.Collect$$_printf_percent$$00000000)
    .ARM.Collect$$_printf_percent$$00000003  0x0800013e   Section       10  _printf_f.o(.ARM.Collect$$_printf_percent$$00000003)
    .ARM.Collect$$_printf_percent$$00000009  0x08000148   Section       10  _printf_d.o(.ARM.Collect$$_printf_percent$$00000009)
    .ARM.Collect$$_printf_percent$$00000017  0x08000152   Section        4  _printf_percent_end.o(.ARM.Collect$$_printf_percent$$00000017)
    .ARM.Collect$$libinit$$00000000          0x08000156   Section        2  libinit.o(.ARM.Collect$$libinit$$00000000)
    .ARM.Collect$$libinit$$00000001          0x08000158   Section        4  libinit2.o(.ARM.Collect$$libinit$$00000001)
    .ARM.Collect$$libinit$$00000008          0x0800015c   Section        0  libinit2.o(.ARM.Collect$$libinit$$00000008)
    .ARM.Collect$$libinit$$0000000A          0x0800015c   Section        0  libinit2.o(.ARM.Collect$$libinit$$0000000A)
    .ARM.Collect$$libinit$$0000000C          0x0800015c   Section        0  libinit2.o(.ARM.Collect$$libinit$$0000000C)
    .ARM.Collect$$libinit$$0000000D          0x0800015c   Section        6  libinit2.o(.ARM.Collect$$libinit$$0000000D)
    .ARM.Collect$$libinit$$0000000F          0x08000162   Section        0  libinit2.o(.ARM.Collect$$libinit$$0000000F)
    .ARM.Collect$$libinit$$00000011          0x08000162   Section        0  libinit2.o(.ARM.Collect$$libinit$$00000011)
    .ARM.Collect$$libinit$$00000013          0x08000162   Section        0  libinit2.o(.ARM.Collect$$libinit$$00000013)
    .ARM.Collect$$libinit$$00000014          0x08000162   Section       10  libinit2.o(.ARM.Collect$$libinit$$00000014)
    .ARM.Collect$$libinit$$00000015          0x0800016c   Section        0  libinit2.o(.ARM.Collect$$libinit$$00000015)
    .ARM.Collect$$libinit$$00000017          0x0800016c   Section        0  libinit2.o(.ARM.Collect$$libinit$$00000017)
    .ARM.Collect$$libinit$$00000019          0x0800016c   Section        0  libinit2.o(.ARM.Collect$$libinit$$00000019)
    .ARM.Collect$$libinit$$0000001B          0x0800016c   Section        0  libinit2.o(.ARM.Collect$$libinit$$0000001B)
    .ARM.Collect$$libinit$$0000001D          0x0800016c   Section        0  libinit2.o(.ARM.Collect$$libinit$$0000001D)
    .ARM.Collect$$libinit$$0000001F          0x0800016c   Section        0  libinit2.o(.ARM.Collect$$libinit$$0000001F)
    .ARM.Collect$$libinit$$00000021          0x0800016c   Section        0  libinit2.o(.ARM.Collect$$libinit$$00000021)
    .ARM.Collect$$libinit$$00000023          0x0800016c   Section        0  libinit2.o(.ARM.Collect$$libinit$$00000023)
    .ARM.Collect$$libinit$$0000002A          0x0800016c   Section        0  libinit2.o(.ARM.Collect$$libinit$$0000002A)
    .ARM.Collect$$libinit$$0000002C          0x0800016c   Section        0  libinit2.o(.ARM.Collect$$libinit$$0000002C)
    .ARM.Collect$$libinit$$0000002E          0x0800016c   Section        0  libinit2.o(.ARM.Collect$$libinit$$0000002E)
    .ARM.Collect$$libinit$$00000030          0x0800016c   Section        0  libinit2.o(.ARM.Collect$$libinit$$00000030)
    .ARM.Collect$$libinit$$00000031          0x0800016c   Section        2  libinit2.o(.ARM.Collect$$libinit$$00000031)
    .ARM.Collect$$libshutdown$$00000000      0x0800016e   Section        2  libshutdown.o(.ARM.Collect$$libshutdown$$00000000)
    .ARM.Collect$$libshutdown$$00000003      0x08000170   Section        0  libshutdown2.o(.ARM.Collect$$libshutdown$$00000003)
    .ARM.Collect$$libshutdown$$00000006      0x08000170   Section        0  libshutdown2.o(.ARM.Collect$$libshutdown$$00000006)
    .ARM.Collect$$libshutdown$$00000009      0x08000170   Section        0  libshutdown2.o(.ARM.Collect$$libshutdown$$00000009)
    .ARM.Collect$$libshutdown$$0000000B      0x08000170   Section        0  libshutdown2.o(.ARM.Collect$$libshutdown$$0000000B)
    .ARM.Collect$$libshutdown$$0000000E      0x08000170   Section        0  libshutdown2.o(.ARM.Collect$$libshutdown$$0000000E)
    .ARM.Collect$$libshutdown$$0000000F      0x08000170   Section        2  libshutdown2.o(.ARM.Collect$$libshutdown$$0000000F)
    .ARM.Collect$$rtentry$$00000000          0x08000172   Section        0  rtentry.o(.ARM.Collect$$rtentry$$00000000)
    .ARM.Collect$$rtentry$$00000002          0x08000172   Section        0  rtentry2.o(.ARM.Collect$$rtentry$$00000002)
    .ARM.Collect$$rtentry$$00000004          0x08000172   Section        6  rtentry4.o(.ARM.Collect$$rtentry$$00000004)
    .ARM.Collect$$rtentry$$00000009          0x08000178   Section        0  rtentry2.o(.ARM.Collect$$rtentry$$00000009)
    .ARM.Collect$$rtentry$$0000000A          0x08000178   Section        4  rtentry2.o(.ARM.Collect$$rtentry$$0000000A)
    .ARM.Collect$$rtentry$$0000000C          0x0800017c   Section        0  rtentry2.o(.ARM.Collect$$rtentry$$0000000C)
    .ARM.Collect$$rtentry$$0000000D          0x0800017c   Section        8  rtentry2.o(.ARM.Collect$$rtentry$$0000000D)
    .ARM.Collect$$rtexit$$00000000           0x08000184   Section        2  rtexit.o(.ARM.Collect$$rtexit$$00000000)
    .ARM.Collect$$rtexit$$00000002           0x08000186   Section        0  rtexit2.o(.ARM.Collect$$rtexit$$00000002)
    .ARM.Collect$$rtexit$$00000003           0x08000186   Section        4  rtexit2.o(.ARM.Collect$$rtexit$$00000003)
    .ARM.Collect$$rtexit$$00000004           0x0800018a   Section        6  rtexit2.o(.ARM.Collect$$rtexit$$00000004)
    .text                                    0x08000190   Section        0  main.o(.text)
    .text                                    0x08000274   Section        0  stm32f0xx_it.o(.text)
    .text                                    0x08000280   Section        0  system_stm32f0xx.o(.text)
    SetSysClock                              0x08000281   Thumb Code   206  system_stm32f0xx.o(.text)
    .text                                    0x08000478   Section        0  myspi.o(.text)
    .text                                    0x08000654   Section        0  bme280.o(.text)
    .text                                    0x08000b24   Section       56  startup_stm32f0xx.o(.text)
    .text                                    0x08000b5c   Section        0  usart1.o(.text)
    .text                                    0x08000c64   Section        0  delay.o(.text)
    .text                                    0x08000d38   Section        0  stm32f0xx_gpio.o(.text)
    .text                                    0x08000f28   Section        0  stm32f0xx_rcc.o(.text)
    .text                                    0x08001520   Section        0  stm32f0xx_misc.o(.text)
    .text                                    0x080015d4   Section        0  stm32f0xx_usart.o(.text)
    .text                                    0x08001b48   Section        2  use_no_semi_2.o(.text)
    .text                                    0x08001b4c   Section        0  __2printf.o(.text)
    .text                                    0x08001b68   Section        0  _printf_dec.o(.text)
    .text                                    0x08001bd4   Section        0  __printf_flags_ss_wp.o(.text)
    .text                                    0x08001d5c   Section      346  aeabi_sdiv.o(.text)
    .text                                    0x08001eb6   Section        0  heapauxi.o(.text)
    .text                                    0x08001ebc   Section        0  ddiv.o(.text)
    .text                                    0x08002304   Section        0  dflti.o(.text)
    .text                                    0x0800235c   Section        2  use_no_semi.o(.text)
    .text                                    0x0800235e   Section        0  _printf_intcommon.o(.text)
    .text                                    0x08002410   Section        0  _printf_fp_dec.o(.text)
    _fp_digits                               0x08002413   Thumb Code   408  _printf_fp_dec.o(.text)
    .text                                    0x08002824   Section        0  _printf_char_file.o(.text)
    .text                                    0x0800284c   Section        0  rtudiv10.o(.text)
    .text                                    0x08002874   Section        8  rt_locale_intlibspace.o(.text)
    .text                                    0x0800287c   Section        0  lludiv10.o(.text)
    .text                                    0x080028f8   Section        0  _printf_char_common.o(.text)
    _printf_input_char                       0x080028f9   Thumb Code    10  _printf_char_common.o(.text)
    .text                                    0x08002928   Section        0  _printf_fp_infnan.o(.text)
    .text                                    0x080029b0   Section        0  bigflt0.o(.text)
    .text                                    0x08002a78   Section        0  btod.o(.text)
    btod_internal_mul                        0x08002ab9   Thumb Code   456  btod.o(.text)
    btod_internal_div                        0x08002c81   Thumb Code   494  btod.o(.text)
    .text                                    0x08002f20   Section        0  ferror.o(.text)
    .text                                    0x08002f28   Section        8  libspace.o(.text)
    .text                                    0x08002f30   Section       62  sys_stackheap_outer.o(.text)
    .text                                    0x08002f6e   Section        0  exit.o(.text)
    .text                                    0x08002f7c   Section        0  strcmp.o(.text)
    i.__ARM_common_ll_muluu                  0x08003004   Section        0  btod.o(i.__ARM_common_ll_muluu)
    i.__ARM_fpclassify                       0x08003034   Section        0  fpclassify.o(i.__ARM_fpclassify)
    i._is_digit                              0x08003060   Section        0  __printf_wp.o(i._is_digit)
    locale$$code                             0x08003070   Section       44  lc_numeric_c.o(locale$$code)
    x$fpl$printf1                            0x0800309c   Section       16  printf1.o(x$fpl$printf1)
    .constdata                               0x080030ac   Section       17  __printf_flags_ss_wp.o(.constdata)
    x$fpl$usenofp                            0x080030ac   Section        0  usenofp.o(x$fpl$usenofp)
    maptable                                 0x080030ac   Data          17  __printf_flags_ss_wp.o(.constdata)
    .constdata                               0x080030bd   Section      128  ddiv.o(.constdata)
    ddiv_reciptbl                            0x080030bd   Data         128  ddiv.o(.constdata)
    .constdata                               0x08003140   Section      148  bigflt0.o(.constdata)
    tenpwrs_x                                0x08003140   Data          60  bigflt0.o(.constdata)
    tenpwrs_i                                0x0800317c   Data          64  bigflt0.o(.constdata)
    locale$$data                             0x080031f4   Section       28  lc_numeric_c.o(locale$$data)
    __lcnum_c_name                           0x080031f8   Data           2  lc_numeric_c.o(locale$$data)
    __lcnum_c_start                          0x08003200   Data           0  lc_numeric_c.o(locale$$data)
    __lcnum_c_point                          0x0800320c   Data           0  lc_numeric_c.o(locale$$data)
    __lcnum_c_thousands                      0x0800320e   Data           0  lc_numeric_c.o(locale$$data)
    __lcnum_c_grouping                       0x0800320f   Data           0  lc_numeric_c.o(locale$$data)
    __lcnum_c_end                            0x08003210   Data           0  lc_numeric_c.o(locale$$data)
    .data                                    0x20000000   Section       20  system_stm32f0xx.o(.data)
    .data                                    0x20000014   Section        4  bme280.o(.data)
    .data                                    0x20000018   Section        6  usart1.o(.data)
    .data                                    0x2000001e   Section        4  delay.o(.data)
    fac_us                                   0x2000001e   Data           1  delay.o(.data)
    fac_ms                                   0x20000020   Data           2  delay.o(.data)
    .data                                    0x20000022   Section       16  stm32f0xx_rcc.o(.data)
    APBAHBPrescTable                         0x20000022   Data          16  stm32f0xx_rcc.o(.data)
    .bss                                     0x20000034   Section       36  bme280.o(.bss)
    .bss                                     0x20000058   Section       96  libspace.o(.bss)
    HEAP                                     0x200000b8   Section      512  startup_stm32f0xx.o(HEAP)
    Heap_Mem                                 0x200000b8   Data         512  startup_stm32f0xx.o(HEAP)
    STACK                                    0x200002b8   Section     1024  startup_stm32f0xx.o(STACK)
    Stack_Mem                                0x200002b8   Data        1024  startup_stm32f0xx.o(STACK)
    __initial_sp                             0x200006b8   Data           0  startup_stm32f0xx.o(STACK)

    Global Symbols

    Symbol Name                              Value     Ov Type        Size  Object(Section)

    BuildAttributes$$THM_ISAv3M$S$PE$A:L22$X:L11$S22$IEEE1$IW$USESV6$~STKCKD$USESV7$~SHL$OTIME$ROPI$IEEEJ$EBA8$UX$STANDARDLIB$REQ8$PRES8$EABIv2 0x00000000   Number         0  anon$$obj.o ABSOLUTE
    __ARM_use_no_argv                        0x00000000   Number         0  main.o ABSOLUTE
    _printf_flags                            0x00000000   Number         0  printf_stubs.o ABSOLUTE
    _printf_return_value                     0x00000000   Number         0  printf_stubs.o ABSOLUTE
    _printf_sizespec                         0x00000000   Number         0  printf_stubs.o ABSOLUTE
    _printf_widthprec                        0x00000000   Number         0  printf_stubs.o ABSOLUTE
    __ARM_exceptions_init                     - Undefined Weak Reference
    __alloca_initialize                       - Undefined Weak Reference
    __cpp_initialize__aeabi_                  - Undefined Weak Reference
    __cxa_finalize                            - Undefined Weak Reference
    __sigvec_lookup                           - Undefined Weak Reference
    _atexit_init                              - Undefined Weak Reference
    _call_atexit_fns                          - Undefined Weak Reference
    _clock_init                               - Undefined Weak Reference
    _fp_trap_init                             - Undefined Weak Reference
    _fp_trap_shutdown                         - Undefined Weak Reference
    _get_lc_collate                           - Undefined Weak Reference
    _get_lc_monetary                          - Undefined Weak Reference
    _get_lc_time                              - Undefined Weak Reference
    _getenv_init                              - Undefined Weak Reference
    _handle_redirection                       - Undefined Weak Reference
    _init_alloc                               - Undefined Weak Reference
    _init_user_alloc                          - Undefined Weak Reference
    _initio                                   - Undefined Weak Reference
    _mutex_acquire                            - Undefined Weak Reference
    _mutex_release                            - Undefined Weak Reference
    _printf_mbtowc                            - Undefined Weak Reference
    _printf_wc                                - Undefined Weak Reference
    _rand_init                                - Undefined Weak Reference
    _signal_finish                            - Undefined Weak Reference
    _signal_init                              - Undefined Weak Reference
    _terminate_alloc                          - Undefined Weak Reference
    _terminate_user_alloc                     - Undefined Weak Reference
    _terminateio                              - Undefined Weak Reference
    __Vectors_Size                           0x000000c0   Number         0  startup_stm32f0xx.o ABSOLUTE
    __Vectors                                0x08000000   Data           4  startup_stm32f0xx.o(RESET)
    __Vectors_End                            0x080000c0   Data           0  startup_stm32f0xx.o(RESET)
    __main                                   0x080000c1   Thumb Code     8  __main.o(!!!main)
    __scatterload                            0x080000c9   Thumb Code     0  __scatter.o(!!!scatter)
    __scatterload_rt2                        0x080000c9   Thumb Code    52  __scatter.o(!!!scatter)
    __scatterload_rt2_thumb_only             0x080000c9   Thumb Code     0  __scatter.o(!!!scatter)
    __scatterload_null                       0x080000d9   Thumb Code     0  __scatter.o(!!!scatter)
    __scatterload_copy                       0x08000105   Thumb Code    26  __scatter_copy.o(!!handler_copy)
    __scatterload_zeroinit                   0x08000121   Thumb Code    28  __scatter_zi.o(!!handler_zi)
    _printf_percent                          0x0800013d   Thumb Code     0  _printf_percent.o(.ARM.Collect$$_printf_percent$$00000000)
    _printf_f                                0x0800013f   Thumb Code     0  _printf_f.o(.ARM.Collect$$_printf_percent$$00000003)
    _printf_d                                0x08000149   Thumb Code     0  _printf_d.o(.ARM.Collect$$_printf_percent$$00000009)
    _printf_percent_end                      0x08000153   Thumb Code     0  _printf_percent_end.o(.ARM.Collect$$_printf_percent$$00000017)
    __rt_lib_init                            0x08000157   Thumb Code     0  libinit.o(.ARM.Collect$$libinit$$00000000)
    __rt_lib_init_fp_1                       0x08000159   Thumb Code     0  libinit2.o(.ARM.Collect$$libinit$$00000001)
    __rt_lib_init_heap_1                     0x0800015d   Thumb Code     0  libinit2.o(.ARM.Collect$$libinit$$00000008)
    __rt_lib_init_lc_common                  0x0800015d   Thumb Code     0  libinit2.o(.ARM.Collect$$libinit$$0000000D)
    __rt_lib_init_rand_1                     0x0800015d   Thumb Code     0  libinit2.o(.ARM.Collect$$libinit$$0000000C)
    __rt_lib_init_user_alloc_1               0x0800015d   Thumb Code     0  libinit2.o(.ARM.Collect$$libinit$$0000000A)
    __rt_lib_init_lc_collate_1               0x08000163   Thumb Code     0  libinit2.o(.ARM.Collect$$libinit$$0000000F)
    __rt_lib_init_lc_ctype_1                 0x08000163   Thumb Code     0  libinit2.o(.ARM.Collect$$libinit$$00000011)
    __rt_lib_init_lc_monetary_1              0x08000163   Thumb Code     0  libinit2.o(.ARM.Collect$$libinit$$00000013)
    __rt_lib_init_lc_numeric_2               0x08000163   Thumb Code     0  libinit2.o(.ARM.Collect$$libinit$$00000014)
    __rt_lib_init_alloca_1                   0x0800016d   Thumb Code     0  libinit2.o(.ARM.Collect$$libinit$$0000002C)
    __rt_lib_init_argv_1                     0x0800016d   Thumb Code     0  libinit2.o(.ARM.Collect$$libinit$$0000002A)
    __rt_lib_init_atexit_1                   0x0800016d   Thumb Code     0  libinit2.o(.ARM.Collect$$libinit$$00000019)
    __rt_lib_init_clock_1                    0x0800016d   Thumb Code     0  libinit2.o(.ARM.Collect$$libinit$$0000001F)
    __rt_lib_init_cpp_1                      0x0800016d   Thumb Code     0  libinit2.o(.ARM.Collect$$libinit$$00000030)
    __rt_lib_init_exceptions_1               0x0800016d   Thumb Code     0  libinit2.o(.ARM.Collect$$libinit$$0000002E)
    __rt_lib_init_fp_trap_1                  0x0800016d   Thumb Code     0  libinit2.o(.ARM.Collect$$libinit$$0000001D)
    __rt_lib_init_getenv_1                   0x0800016d   Thumb Code     0  libinit2.o(.ARM.Collect$$libinit$$00000021)
    __rt_lib_init_lc_numeric_1               0x0800016d   Thumb Code     0  libinit2.o(.ARM.Collect$$libinit$$00000015)
    __rt_lib_init_lc_time_1                  0x0800016d   Thumb Code     0  libinit2.o(.ARM.Collect$$libinit$$00000017)
    __rt_lib_init_return                     0x0800016d   Thumb Code     0  libinit2.o(.ARM.Collect$$libinit$$00000031)
    __rt_lib_init_signal_1                   0x0800016d   Thumb Code     0  libinit2.o(.ARM.Collect$$libinit$$0000001B)
    __rt_lib_init_stdio_1                    0x0800016d   Thumb Code     0  libinit2.o(.ARM.Collect$$libinit$$00000023)
    __rt_lib_shutdown                        0x0800016f   Thumb Code     0  libshutdown.o(.ARM.Collect$$libshutdown$$00000000)
    __rt_lib_shutdown_fp_trap_1              0x08000171   Thumb Code     0  libshutdown2.o(.ARM.Collect$$libshutdown$$00000006)
    __rt_lib_shutdown_heap_1                 0x08000171   Thumb Code     0  libshutdown2.o(.ARM.Collect$$libshutdown$$0000000E)
    __rt_lib_shutdown_return                 0x08000171   Thumb Code     0  libshutdown2.o(.ARM.Collect$$libshutdown$$0000000F)
    __rt_lib_shutdown_signal_1               0x08000171   Thumb Code     0  libshutdown2.o(.ARM.Collect$$libshutdown$$00000009)
    __rt_lib_shutdown_stdio_1                0x08000171   Thumb Code     0  libshutdown2.o(.ARM.Collect$$libshutdown$$00000003)
    __rt_lib_shutdown_user_alloc_1           0x08000171   Thumb Code     0  libshutdown2.o(.ARM.Collect$$libshutdown$$0000000B)
    __rt_entry                               0x08000173   Thumb Code     0  rtentry.o(.ARM.Collect$$rtentry$$00000000)
    __rt_entry_presh_1                       0x08000173   Thumb Code     0  rtentry2.o(.ARM.Collect$$rtentry$$00000002)
    __rt_entry_sh                            0x08000173   Thumb Code     0  rtentry4.o(.ARM.Collect$$rtentry$$00000004)
    __rt_entry_li                            0x08000179   Thumb Code     0  rtentry2.o(.ARM.Collect$$rtentry$$0000000A)
    __rt_entry_postsh_1                      0x08000179   Thumb Code     0  rtentry2.o(.ARM.Collect$$rtentry$$00000009)
    __rt_entry_main                          0x0800017d   Thumb Code     0  rtentry2.o(.ARM.Collect$$rtentry$$0000000D)
    __rt_entry_postli_1                      0x0800017d   Thumb Code     0  rtentry2.o(.ARM.Collect$$rtentry$$0000000C)
    __rt_exit                                0x08000185   Thumb Code     0  rtexit.o(.ARM.Collect$$rtexit$$00000000)
    __rt_exit_ls                             0x08000187   Thumb Code     0  rtexit2.o(.ARM.Collect$$rtexit$$00000003)
    __rt_exit_prels_1                        0x08000187   Thumb Code     0  rtexit2.o(.ARM.Collect$$rtexit$$00000002)
    __rt_exit_exit                           0x0800018b   Thumb Code     0  rtexit2.o(.ARM.Collect$$rtexit$$00000004)
    main                                     0x08000191   Thumb Code   166  main.o(.text)
    NMI_Handler                              0x08000275   Thumb Code     2  stm32f0xx_it.o(.text)
    HardFault_Handler                        0x08000277   Thumb Code     4  stm32f0xx_it.o(.text)
    SVC_Handler                              0x0800027b   Thumb Code     2  stm32f0xx_it.o(.text)
    PendSV_Handler                           0x0800027d   Thumb Code     2  stm32f0xx_it.o(.text)
    SysTick_Handler                          0x0800027f   Thumb Code     2  stm32f0xx_it.o(.text)
    SystemInit                               0x0800034f   Thumb Code   110  system_stm32f0xx.o(.text)
    SystemCoreClockUpdate                    0x080003bd   Thumb Code   154  system_stm32f0xx.o(.text)
    BME280init                               0x08000479   Thumb Code   116  myspi.o(.text)
    delay                                    0x080004ed   Thumb Code    14  myspi.o(.text)
    SPI_Read_OneByte                         0x080004fb   Thumb Code    76  myspi.o(.text)
    SPI_Write_OneByte                        0x08000547   Thumb Code    76  myspi.o(.text)
    read8                                    0x08000593   Thumb Code    16  myspi.o(.text)
    read_16                                  0x080005a3   Thumb Code    20  myspi.o(.text)
    SPI_Read_16                              0x080005b7   Thumb Code    76  myspi.o(.text)
    SPI_Read_S16                             0x08000603   Thumb Code    10  myspi.o(.text)
    read16_LE                                0x0800060d   Thumb Code    18  myspi.o(.text)
    readS16_LE                               0x0800061f   Thumb Code    10  myspi.o(.text)
    BmeReadReg                               0x08000629   Thumb Code    40  myspi.o(.text)
    newreadCoefficients                      0x08000655   Thumb Code   402  bme280.o(.text)
    BME280Begininit                          0x080007e7   Thumb Code   122  bme280.o(.text)
    calibration_T                            0x08000861   Thumb Code    64  bme280.o(.text)
    readTemperature                          0x080008a1   Thumb Code    68  bme280.o(.text)
    calibration_P                            0x080008e5   Thumb Code   186  bme280.o(.text)
    readPressure                             0x0800099f   Thumb Code    68  bme280.o(.text)
    calibration_H                            0x080009e3   Thumb Code   260  bme280.o(.text)
    readHumidity                             0x08000ae7   Thumb Code    52  bme280.o(.text)
    Reset_Handler                            0x08000b25   Thumb Code     8  startup_stm32f0xx.o(.text)
    ADC1_COMP_IRQHandler                     0x08000b37   Thumb Code     0  startup_stm32f0xx.o(.text)
    CEC_IRQHandler                           0x08000b37   Thumb Code     0  startup_stm32f0xx.o(.text)
    DMA1_Channel1_IRQHandler                 0x08000b37   Thumb Code     0  startup_stm32f0xx.o(.text)
    DMA1_Channel2_3_IRQHandler               0x08000b37   Thumb Code     0  startup_stm32f0xx.o(.text)
    DMA1_Channel4_5_IRQHandler               0x08000b37   Thumb Code     0  startup_stm32f0xx.o(.text)
    EXTI0_1_IRQHandler                       0x08000b37   Thumb Code     0  startup_stm32f0xx.o(.text)
    EXTI2_3_IRQHandler                       0x08000b37   Thumb Code     0  startup_stm32f0xx.o(.text)
    EXTI4_15_IRQHandler                      0x08000b37   Thumb Code     0  startup_stm32f0xx.o(.text)
    FLASH_IRQHandler                         0x08000b37   Thumb Code     0  startup_stm32f0xx.o(.text)
    I2C1_IRQHandler                          0x08000b37   Thumb Code     0  startup_stm32f0xx.o(.text)
    I2C2_IRQHandler                          0x08000b37   Thumb Code     0  startup_stm32f0xx.o(.text)
    PVD_IRQHandler                           0x08000b37   Thumb Code     0  startup_stm32f0xx.o(.text)
    RCC_IRQHandler                           0x08000b37   Thumb Code     0  startup_stm32f0xx.o(.text)
    RTC_IRQHandler                           0x08000b37   Thumb Code     0  startup_stm32f0xx.o(.text)
    SPI1_IRQHandler                          0x08000b37   Thumb Code     0  startup_stm32f0xx.o(.text)
    SPI2_IRQHandler                          0x08000b37   Thumb Code     0  startup_stm32f0xx.o(.text)
    TIM14_IRQHandler                         0x08000b37   Thumb Code     0  startup_stm32f0xx.o(.text)
    TIM15_IRQHandler                         0x08000b37   Thumb Code     0  startup_stm32f0xx.o(.text)
    TIM16_IRQHandler                         0x08000b37   Thumb Code     0  startup_stm32f0xx.o(.text)
    TIM17_IRQHandler                         0x08000b37   Thumb Code     0  startup_stm32f0xx.o(.text)
    TIM1_BRK_UP_TRG_COM_IRQHandler           0x08000b37   Thumb Code     0  startup_stm32f0xx.o(.text)
    TIM1_CC_IRQHandler                       0x08000b37   Thumb Code     0  startup_stm32f0xx.o(.text)
    TIM2_IRQHandler                          0x08000b37   Thumb Code     0  startup_stm32f0xx.o(.text)
    TIM3_IRQHandler                          0x08000b37   Thumb Code     0  startup_stm32f0xx.o(.text)
    TIM6_DAC_IRQHandler                      0x08000b37   Thumb Code     0  startup_stm32f0xx.o(.text)
    TS_IRQHandler                            0x08000b37   Thumb Code     0  startup_stm32f0xx.o(.text)
    USART2_IRQHandler                        0x08000b37   Thumb Code     0  startup_stm32f0xx.o(.text)
    WWDG_IRQHandler                          0x08000b37   Thumb Code     0  startup_stm32f0xx.o(.text)
    __user_initial_stackheap                 0x08000b39   Thumb Code     0  startup_stm32f0xx.o(.text)
    _sys_exit                                0x08000b5d   Thumb Code     4  usart1.o(.text)
    fputc                                    0x08000b61   Thumb Code    22  usart1.o(.text)
    USART1_Init                              0x08000b77   Thumb Code   144  usart1.o(.text)
    USART1_IRQHandler                        0x08000c07   Thumb Code    78  usart1.o(.text)
    delay_init                               0x08000c65   Thumb Code    44  delay.o(.text)
    delay_us                                 0x08000c91   Thumb Code    74  delay.o(.text)
    delay_ms                                 0x08000cdb   Thumb Code    74  delay.o(.text)
    GPIO_DeInit                              0x08000d39   Thumb Code   132  stm32f0xx_gpio.o(.text)
    GPIO_Init                                0x08000dbd   Thumb Code   144  stm32f0xx_gpio.o(.text)
    GPIO_StructInit                          0x08000e4d   Thumb Code    20  stm32f0xx_gpio.o(.text)
    GPIO_PinLockConfig                       0x08000e61   Thumb Code    34  stm32f0xx_gpio.o(.text)
    GPIO_ReadInputDataBit                    0x08000e83   Thumb Code    20  stm32f0xx_gpio.o(.text)
    GPIO_ReadInputData                       0x08000e97   Thumb Code     6  stm32f0xx_gpio.o(.text)
    GPIO_ReadOutputDataBit                   0x08000e9d   Thumb Code    20  stm32f0xx_gpio.o(.text)
    GPIO_ReadOutputData                      0x08000eb1   Thumb Code     6  stm32f0xx_gpio.o(.text)
    GPIO_SetBits                             0x08000eb7   Thumb Code     4  stm32f0xx_gpio.o(.text)
    GPIO_ResetBits                           0x08000ebb   Thumb Code     4  stm32f0xx_gpio.o(.text)
    GPIO_WriteBit                            0x08000ebf   Thumb Code    12  stm32f0xx_gpio.o(.text)
    GPIO_Write                               0x08000ecb   Thumb Code     4  stm32f0xx_gpio.o(.text)
    GPIO_PinAFConfig                         0x08000ecf   Thumb Code    68  stm32f0xx_gpio.o(.text)
    RCC_DeInit                               0x08000f29   Thumb Code   104  stm32f0xx_rcc.o(.text)
    RCC_HSEConfig                            0x08000f91   Thumb Code    12  stm32f0xx_rcc.o(.text)
    RCC_GetFlagStatus                        0x08000f9d   Thumb Code    68  stm32f0xx_rcc.o(.text)
    RCC_WaitForHSEStartUp                    0x08000fe1   Thumb Code    60  stm32f0xx_rcc.o(.text)
    RCC_AdjustHSICalibrationValue            0x0800101d   Thumb Code    26  stm32f0xx_rcc.o(.text)
    RCC_HSICmd                               0x08001037   Thumb Code    32  stm32f0xx_rcc.o(.text)
    RCC_AdjustHSI14CalibrationValue          0x08001057   Thumb Code    26  stm32f0xx_rcc.o(.text)
    RCC_HSI14Cmd                             0x08001071   Thumb Code    32  stm32f0xx_rcc.o(.text)
    RCC_HSI14ADCRequestCmd                   0x08001091   Thumb Code    32  stm32f0xx_rcc.o(.text)
    RCC_LSEConfig                            0x080010b1   Thumb Code    34  stm32f0xx_rcc.o(.text)
    RCC_LSEDriveConfig                       0x080010d3   Thumb Code    22  stm32f0xx_rcc.o(.text)
    RCC_LSICmd                               0x080010e9   Thumb Code    32  stm32f0xx_rcc.o(.text)
    RCC_PLLConfig                            0x08001109   Thumb Code    30  stm32f0xx_rcc.o(.text)
    RCC_PLLCmd                               0x08001127   Thumb Code    36  stm32f0xx_rcc.o(.text)
    RCC_PREDIV1Config                        0x0800114b   Thumb Code    24  stm32f0xx_rcc.o(.text)
    RCC_ClockSecuritySystemCmd               0x08001163   Thumb Code    36  stm32f0xx_rcc.o(.text)
    RCC_MCOConfig                            0x08001187   Thumb Code     6  stm32f0xx_rcc.o(.text)
    RCC_SYSCLKConfig                         0x0800118d   Thumb Code    24  stm32f0xx_rcc.o(.text)
    RCC_GetSYSCLKSource                      0x080011a5   Thumb Code    10  stm32f0xx_rcc.o(.text)
    RCC_HCLKConfig                           0x080011af   Thumb Code    28  stm32f0xx_rcc.o(.text)
    RCC_PCLKConfig                           0x080011cb   Thumb Code    30  stm32f0xx_rcc.o(.text)
    RCC_ADCCLKConfig                         0x080011e9   Thumb Code    52  stm32f0xx_rcc.o(.text)
    RCC_CECCLKConfig                         0x0800121d   Thumb Code    22  stm32f0xx_rcc.o(.text)
    RCC_I2CCLKConfig                         0x08001233   Thumb Code    22  stm32f0xx_rcc.o(.text)
    RCC_USARTCLKConfig                       0x08001249   Thumb Code    22  stm32f0xx_rcc.o(.text)
    RCC_GetClocksFreq                        0x0800125f   Thumb Code   368  stm32f0xx_rcc.o(.text)
    RCC_RTCCLKConfig                         0x080013cf   Thumb Code    12  stm32f0xx_rcc.o(.text)
    RCC_RTCCLKCmd                            0x080013db   Thumb Code    36  stm32f0xx_rcc.o(.text)
    RCC_BackupResetCmd                       0x080013ff   Thumb Code    36  stm32f0xx_rcc.o(.text)
    RCC_AHBPeriphClockCmd                    0x08001423   Thumb Code    28  stm32f0xx_rcc.o(.text)
    RCC_APB2PeriphClockCmd                   0x0800143f   Thumb Code    28  stm32f0xx_rcc.o(.text)
    RCC_APB1PeriphClockCmd                   0x0800145b   Thumb Code    28  stm32f0xx_rcc.o(.text)
    RCC_AHBPeriphResetCmd                    0x08001477   Thumb Code    28  stm32f0xx_rcc.o(.text)
    RCC_APB2PeriphResetCmd                   0x08001493   Thumb Code    28  stm32f0xx_rcc.o(.text)
    RCC_APB1PeriphResetCmd                   0x080014af   Thumb Code    28  stm32f0xx_rcc.o(.text)
    RCC_ITConfig                             0x080014cb   Thumb Code    28  stm32f0xx_rcc.o(.text)
    RCC_ClearFlag                            0x080014e7   Thumb Code    16  stm32f0xx_rcc.o(.text)
    RCC_GetITStatus                          0x080014f7   Thumb Code    22  stm32f0xx_rcc.o(.text)
    RCC_ClearITPendingBit                    0x0800150d   Thumb Code     6  stm32f0xx_rcc.o(.text)
    NVIC_Init                                0x08001521   Thumb Code   106  stm32f0xx_misc.o(.text)
    NVIC_SystemLPConfig                      0x0800158b   Thumb Code    28  stm32f0xx_misc.o(.text)
    SysTick_CLKSourceConfig                  0x080015a7   Thumb Code    32  stm32f0xx_misc.o(.text)
    USART_DeInit                             0x080015d5   Thumb Code    56  stm32f0xx_usart.o(.text)
    USART_Init                               0x0800160d   Thumb Code   234  stm32f0xx_usart.o(.text)
    USART_StructInit                         0x080016f7   Thumb Code    24  stm32f0xx_usart.o(.text)
    USART_ClockInit                          0x0800170f   Thumb Code    36  stm32f0xx_usart.o(.text)
    USART_ClockStructInit                    0x08001733   Thumb Code    12  stm32f0xx_usart.o(.text)
    USART_Cmd                                0x0800173f   Thumb Code    24  stm32f0xx_usart.o(.text)
    USART_DirectionModeCmd                   0x08001757   Thumb Code    20  stm32f0xx_usart.o(.text)
    USART_OverSampling8Cmd                   0x0800176b   Thumb Code    28  stm32f0xx_usart.o(.text)
    USART_OneBitMethodCmd                    0x08001787   Thumb Code    28  stm32f0xx_usart.o(.text)
    USART_MSBFirstCmd                        0x080017a3   Thumb Code    28  stm32f0xx_usart.o(.text)
    USART_DataInvCmd                         0x080017bf   Thumb Code    28  stm32f0xx_usart.o(.text)
    USART_InvPinCmd                          0x080017db   Thumb Code    20  stm32f0xx_usart.o(.text)
    USART_SWAPPinCmd                         0x080017ef   Thumb Code    28  stm32f0xx_usart.o(.text)
    USART_ReceiverTimeOutCmd                 0x0800180b   Thumb Code    28  stm32f0xx_usart.o(.text)
    USART_SetReceiverTimeOut                 0x08001827   Thumb Code    16  stm32f0xx_usart.o(.text)
    USART_SetPrescaler                       0x08001837   Thumb Code    18  stm32f0xx_usart.o(.text)
    USART_STOPModeCmd                        0x08001849   Thumb Code    24  stm32f0xx_usart.o(.text)
    USART_StopModeWakeUpSourceConfig         0x08001861   Thumb Code    18  stm32f0xx_usart.o(.text)
    USART_AutoBaudRateCmd                    0x08001873   Thumb Code    28  stm32f0xx_usart.o(.text)
    USART_AutoBaudRateConfig                 0x0800188f   Thumb Code    18  stm32f0xx_usart.o(.text)
    USART_AutoBaudRateNewRequest             0x080018a1   Thumb Code    12  stm32f0xx_usart.o(.text)
    USART_SendData                           0x080018ad   Thumb Code     8  stm32f0xx_usart.o(.text)
    USART_ReceiveData                        0x080018b5   Thumb Code    10  stm32f0xx_usart.o(.text)
    USART_SetAddress                         0x080018bf   Thumb Code    18  stm32f0xx_usart.o(.text)
    USART_MuteModeCmd                        0x080018d1   Thumb Code    28  stm32f0xx_usart.o(.text)
    USART_MuteModeWakeUpConfig               0x080018ed   Thumb Code    18  stm32f0xx_usart.o(.text)
    USART_AddressDetectionConfig             0x080018ff   Thumb Code    16  stm32f0xx_usart.o(.text)
    USART_LINBreakDetectLengthConfig         0x0800190f   Thumb Code    16  stm32f0xx_usart.o(.text)
    USART_LINCmd                             0x0800191f   Thumb Code    28  stm32f0xx_usart.o(.text)
    USART_HalfDuplexCmd                      0x0800193b   Thumb Code    24  stm32f0xx_usart.o(.text)
    USART_SetGuardTime                       0x08001953   Thumb Code    16  stm32f0xx_usart.o(.text)
    USART_SmartCardCmd                       0x08001963   Thumb Code    24  stm32f0xx_usart.o(.text)
    USART_SmartCardNACKCmd                   0x0800197b   Thumb Code    24  stm32f0xx_usart.o(.text)
    USART_SetAutoRetryCount                  0x08001993   Thumb Code    20  stm32f0xx_usart.o(.text)
    USART_SetBlockLength                     0x080019a7   Thumb Code    30  stm32f0xx_usart.o(.text)
    USART_IrDAConfig                         0x080019c5   Thumb Code    16  stm32f0xx_usart.o(.text)
    USART_IrDACmd                            0x080019d5   Thumb Code    24  stm32f0xx_usart.o(.text)
    USART_DECmd                              0x080019ed   Thumb Code    28  stm32f0xx_usart.o(.text)
    USART_DEPolarityConfig                   0x08001a09   Thumb Code    18  stm32f0xx_usart.o(.text)
    USART_SetDEAssertionTime                 0x08001a1b   Thumb Code    20  stm32f0xx_usart.o(.text)
    USART_SetDEDeassertionTime               0x08001a2f   Thumb Code    20  stm32f0xx_usart.o(.text)
    USART_DMACmd                             0x08001a43   Thumb Code    20  stm32f0xx_usart.o(.text)
    USART_DMAReceptionErrorConfig            0x08001a57   Thumb Code    18  stm32f0xx_usart.o(.text)
    USART_ITConfig                           0x08001a69   Thumb Code    66  stm32f0xx_usart.o(.text)
    USART_RequestCmd                         0x08001aab   Thumb Code    20  stm32f0xx_usart.o(.text)
    USART_OverrunDetectionConfig             0x08001abf   Thumb Code    18  stm32f0xx_usart.o(.text)
    USART_GetFlagStatus                      0x08001ad1   Thumb Code    20  stm32f0xx_usart.o(.text)
    USART_ClearFlag                          0x08001ae5   Thumb Code     4  stm32f0xx_usart.o(.text)
    USART_GetITStatus                        0x08001ae9   Thumb Code    78  stm32f0xx_usart.o(.text)
    USART_ClearITPendingBit                  0x08001b37   Thumb Code    18  stm32f0xx_usart.o(.text)
    __use_no_semihosting                     0x08001b49   Thumb Code     2  use_no_semi_2.o(.text)
    __2printf                                0x08001b4d   Thumb Code    22  __2printf.o(.text)
    _printf_int_dec                          0x08001b69   Thumb Code    90  _printf_dec.o(.text)
    __printf                                 0x08001bd5   Thumb Code   386  __printf_flags_ss_wp.o(.text)
    __aeabi_uidiv                            0x08001d5d   Thumb Code     0  aeabi_sdiv.o(.text)
    __aeabi_uidivmod                         0x08001d5d   Thumb Code    20  aeabi_sdiv.o(.text)
    __aeabi_idiv                             0x08001d71   Thumb Code     0  aeabi_sdiv.o(.text)
    __aeabi_idivmod                          0x08001d71   Thumb Code   326  aeabi_sdiv.o(.text)
    __use_two_region_memory                  0x08001eb7   Thumb Code     2  heapauxi.o(.text)
    __rt_heap_escrow$2region                 0x08001eb9   Thumb Code     2  heapauxi.o(.text)
    __rt_heap_expand$2region                 0x08001ebb   Thumb Code     2  heapauxi.o(.text)
    __aeabi_ddiv                             0x08001ebd   Thumb Code     0  ddiv.o(.text)
    _ddiv                                    0x08001ebd   Thumb Code  1072  ddiv.o(.text)
    _drdiv                                   0x080022ed   Thumb Code    20  ddiv.o(.text)
    __aeabi_i2d_normalise                    0x08002305   Thumb Code    66  dflti.o(.text)
    __aeabi_i2d                              0x08002347   Thumb Code    16  dflti.o(.text)
    _dflt                                    0x08002347   Thumb Code     0  dflti.o(.text)
    __aeabi_ui2d                             0x08002357   Thumb Code     6  dflti.o(.text)
    _dfltu                                   0x08002357   Thumb Code     0  dflti.o(.text)
    __I$use$semihosting                      0x0800235d   Thumb Code     0  use_no_semi.o(.text)
    __use_no_semihosting_swi                 0x0800235d   Thumb Code     2  use_no_semi.o(.text)
    _printf_int_common                       0x0800235f   Thumb Code   176  _printf_intcommon.o(.text)
    __lib_sel_fp_printf                      0x08002411   Thumb Code     2  _printf_fp_dec.o(.text)
    _printf_fp_dec_real                      0x080025ab   Thumb Code   620  _printf_fp_dec.o(.text)
    _printf_char_file                        0x08002825   Thumb Code    34  _printf_char_file.o(.text)
    __rt_udiv10                              0x0800284d   Thumb Code    40  rtudiv10.o(.text)
    __rt_locale                              0x08002875   Thumb Code     8  rt_locale_intlibspace.o(.text)
    _ll_udiv10                               0x0800287d   Thumb Code   122  lludiv10.o(.text)
    _printf_char_common                      0x08002903   Thumb Code    32  _printf_char_common.o(.text)
    _printf_fp_infnan                        0x08002929   Thumb Code   120  _printf_fp_infnan.o(.text)
    _btod_etento                             0x080029b1   Thumb Code   196  bigflt0.o(.text)
    _btod_d2e                                0x08002a79   Thumb Code    64  btod.o(.text)
    _btod_emul                               0x08002e6f   Thumb Code    24  btod.o(.text)
    _btod_emuld                              0x08002e87   Thumb Code    60  btod.o(.text)
    _btod_ediv                               0x08002ec3   Thumb Code    22  btod.o(.text)
    _btod_edivd                              0x08002ed9   Thumb Code    60  btod.o(.text)
    ferror                                   0x08002f21   Thumb Code     8  ferror.o(.text)
    __user_libspace                          0x08002f29   Thumb Code     8  libspace.o(.text)
    __user_perproc_libspace                  0x08002f29   Thumb Code     0  libspace.o(.text)
    __user_perthread_libspace                0x08002f29   Thumb Code     0  libspace.o(.text)
    __user_setup_stackheap                   0x08002f31   Thumb Code    62  sys_stackheap_outer.o(.text)
    exit                                     0x08002f6f   Thumb Code    12  exit.o(.text)
    strcmp                                   0x08002f7d   Thumb Code   132  strcmp.o(.text)
    __ARM_common_ll_muluu                    0x08003005   Thumb Code    48  btod.o(i.__ARM_common_ll_muluu)
    __ARM_fpclassify                         0x08003035   Thumb Code    40  fpclassify.o(i.__ARM_fpclassify)
    _is_digit                                0x08003061   Thumb Code    14  __printf_wp.o(i._is_digit)
    _get_lc_numeric                          0x08003071   Thumb Code    44  lc_numeric_c.o(locale$$code)
    _printf_fp_dec                           0x0800309d   Thumb Code    16  printf1.o(x$fpl$printf1)
    __I$use$fp                               0x080030ac   Number         0  usenofp.o(x$fpl$usenofp)
    Region$$Table$$Base                      0x080031d4   Number         0  anon$$obj.o(Region$$Table)
    Region$$Table$$Limit                     0x080031f4   Number         0  anon$$obj.o(Region$$Table)
    SystemCoreClock                          0x20000000   Data           4  system_stm32f0xx.o(.data)
    AHBPrescTable                            0x20000004   Data          16  system_stm32f0xx.o(.data)
    t_fine                                   0x20000014   Data           4  bme280.o(.data)
    __stdout                                 0x20000018   Data           4  usart1.o(.data)
    res                                      0x2000001c   Data           2  usart1.o(.data)
    bme280_calib                             0x20000034   Data          36  bme280.o(.bss)
    __libspace_start                         0x20000058   Data          96  libspace.o(.bss)
    __temporary_stack_top$libspace           0x200000b8   Data           0  libspace.o(.bss)



==============================================================================

Memory Map of the image

  Image Entry point : 0x08000b25

  Load Region LR_1 (Base: 0x08000000, Size: 0x00003244, Max: 0xffffffff, ABSOLUTE)

    Execution Region ER_RO (Base: 0x08000000, Size: 0x00003210, Max: 0xffffffff, ABSOLUTE)

    Base Addr    Size         Type   Attr      Idx    E Section Name        Object

    0x08000000   0x000000c0   Data   RO          168    RESET               startup_stm32f0xx.o
    0x080000c0   0x00000008   Code   RO          403  * !!!main             c_p.l(__main.o)
    0x080000c8   0x0000003c   Code   RO          697    !!!scatter          c_p.l(__scatter.o)
    0x08000104   0x0000001a   Code   RO          699    !!handler_copy      c_p.l(__scatter_copy.o)
    0x0800011e   0x00000002   PAD
    0x08000120   0x0000001c   Code   RO          701    !!handler_zi        c_p.l(__scatter_zi.o)
    0x0800013c   0x00000002   Code   RO          396    .ARM.Collect$$_printf_percent$$00000000  c_p.l(_printf_percent.o)
    0x0800013e   0x0000000a   Code   RO          395    .ARM.Collect$$_printf_percent$$00000003  c_p.l(_printf_f.o)
    0x08000148   0x0000000a   Code   RO          394    .ARM.Collect$$_printf_percent$$00000009  c_p.l(_printf_d.o)
    0x08000152   0x00000004   Code   RO          476    .ARM.Collect$$_printf_percent$$00000017  c_p.l(_printf_percent_end.o)
    0x08000156   0x00000002   Code   RO          573    .ARM.Collect$$libinit$$00000000  c_p.l(libinit.o)
    0x08000158   0x00000004   Code   RO          574    .ARM.Collect$$libinit$$00000001  c_p.l(libinit2.o)
    0x0800015c   0x00000000   Code   RO          578    .ARM.Collect$$libinit$$00000008  c_p.l(libinit2.o)
    0x0800015c   0x00000000   Code   RO          580    .ARM.Collect$$libinit$$0000000A  c_p.l(libinit2.o)
    0x0800015c   0x00000000   Code   RO          582    .ARM.Collect$$libinit$$0000000C  c_p.l(libinit2.o)
    0x0800015c   0x00000006   Code   RO          583    .ARM.Collect$$libinit$$0000000D  c_p.l(libinit2.o)
    0x08000162   0x00000000   Code   RO          585    .ARM.Collect$$libinit$$0000000F  c_p.l(libinit2.o)
    0x08000162   0x00000000   Code   RO          587    .ARM.Collect$$libinit$$00000011  c_p.l(libinit2.o)
    0x08000162   0x00000000   Code   RO          589    .ARM.Collect$$libinit$$00000013  c_p.l(libinit2.o)
    0x08000162   0x0000000a   Code   RO          590    .ARM.Collect$$libinit$$00000014  c_p.l(libinit2.o)
    0x0800016c   0x00000000   Code   RO          591    .ARM.Collect$$libinit$$00000015  c_p.l(libinit2.o)
    0x0800016c   0x00000000   Code   RO          593    .ARM.Collect$$libinit$$00000017  c_p.l(libinit2.o)
    0x0800016c   0x00000000   Code   RO          595    .ARM.Collect$$libinit$$00000019  c_p.l(libinit2.o)
    0x0800016c   0x00000000   Code   RO          597    .ARM.Collect$$libinit$$0000001B  c_p.l(libinit2.o)
    0x0800016c   0x00000000   Code   RO          599    .ARM.Collect$$libinit$$0000001D  c_p.l(libinit2.o)
    0x0800016c   0x00000000   Code   RO          601    .ARM.Collect$$libinit$$0000001F  c_p.l(libinit2.o)
    0x0800016c   0x00000000   Code   RO          603    .ARM.Collect$$libinit$$00000021  c_p.l(libinit2.o)
    0x0800016c   0x00000000   Code   RO          605    .ARM.Collect$$libinit$$00000023  c_p.l(libinit2.o)
    0x0800016c   0x00000000   Code   RO          609    .ARM.Collect$$libinit$$0000002A  c_p.l(libinit2.o)
    0x0800016c   0x00000000   Code   RO          611    .ARM.Collect$$libinit$$0000002C  c_p.l(libinit2.o)
    0x0800016c   0x00000000   Code   RO          613    .ARM.Collect$$libinit$$0000002E  c_p.l(libinit2.o)
    0x0800016c   0x00000000   Code   RO          615    .ARM.Collect$$libinit$$00000030  c_p.l(libinit2.o)
    0x0800016c   0x00000002   Code   RO          616    .ARM.Collect$$libinit$$00000031  c_p.l(libinit2.o)
    0x0800016e   0x00000002   Code   RO          662    .ARM.Collect$$libshutdown$$00000000  c_p.l(libshutdown.o)
    0x08000170   0x00000000   Code   RO          682    .ARM.Collect$$libshutdown$$00000003  c_p.l(libshutdown2.o)
    0x08000170   0x00000000   Code   RO          685    .ARM.Collect$$libshutdown$$00000006  c_p.l(libshutdown2.o)
    0x08000170   0x00000000   Code   RO          688    .ARM.Collect$$libshutdown$$00000009  c_p.l(libshutdown2.o)
    0x08000170   0x00000000   Code   RO          690    .ARM.Collect$$libshutdown$$0000000B  c_p.l(libshutdown2.o)
    0x08000170   0x00000000   Code   RO          693    .ARM.Collect$$libshutdown$$0000000E  c_p.l(libshutdown2.o)
    0x08000170   0x00000002   Code   RO          694    .ARM.Collect$$libshutdown$$0000000F  c_p.l(libshutdown2.o)
    0x08000172   0x00000000   Code   RO          414    .ARM.Collect$$rtentry$$00000000  c_p.l(rtentry.o)
    0x08000172   0x00000000   Code   RO          496    .ARM.Collect$$rtentry$$00000002  c_p.l(rtentry2.o)
    0x08000172   0x00000006   Code   RO          508    .ARM.Collect$$rtentry$$00000004  c_p.l(rtentry4.o)
    0x08000178   0x00000000   Code   RO          498    .ARM.Collect$$rtentry$$00000009  c_p.l(rtentry2.o)
    0x08000178   0x00000004   Code   RO          499    .ARM.Collect$$rtentry$$0000000A  c_p.l(rtentry2.o)
    0x0800017c   0x00000000   Code   RO          501    .ARM.Collect$$rtentry$$0000000C  c_p.l(rtentry2.o)
    0x0800017c   0x00000008   Code   RO          502    .ARM.Collect$$rtentry$$0000000D  c_p.l(rtentry2.o)
    0x08000184   0x00000002   Code   RO          618    .ARM.Collect$$rtexit$$00000000  c_p.l(rtexit.o)
    0x08000186   0x00000000   Code   RO          634    .ARM.Collect$$rtexit$$00000002  c_p.l(rtexit2.o)
    0x08000186   0x00000004   Code   RO          635    .ARM.Collect$$rtexit$$00000003  c_p.l(rtexit2.o)
    0x0800018a   0x00000006   Code   RO          636    .ARM.Collect$$rtexit$$00000004  c_p.l(rtexit2.o)
    0x08000190   0x000000e4   Code   RO            2    .text               main.o
    0x08000274   0x0000000c   Code   RO           74    .text               stm32f0xx_it.o
    0x08000280   0x000001f8   Code   RO           93    .text               system_stm32f0xx.o
    0x08000478   0x000001dc   Code   RO          115    .text               myspi.o
    0x08000654   0x000004d0   Code   RO          147    .text               bme280.o
    0x08000b24   0x00000038   Code   RO          169  * .text               startup_stm32f0xx.o
    0x08000b5c   0x00000108   Code   RO          193    .text               usart1.o
    0x08000c64   0x000000d4   Code   RO          277    .text               delay.o
    0x08000d38   0x000001f0   Code   RO          295    .text               stm32f0xx_gpio.o
    0x08000f28   0x000005f8   Code   RO          311    .text               stm32f0xx_rcc.o
    0x08001520   0x000000b4   Code   RO          329    .text               stm32f0xx_misc.o
    0x080015d4   0x00000574   Code   RO          345    .text               stm32f0xx_usart.o
    0x08001b48   0x00000002   Code   RO          362    .text               c_p.l(use_no_semi_2.o)
    0x08001b4a   0x00000002   PAD
    0x08001b4c   0x0000001c   Code   RO          366    .text               c_p.l(__2printf.o)
    0x08001b68   0x0000006c   Code   RO          372    .text               c_p.l(_printf_dec.o)
    0x08001bd4   0x00000188   Code   RO          391    .text               c_p.l(__printf_flags_ss_wp.o)
    0x08001d5c   0x0000015a   Code   RO          397    .text               c_p.l(aeabi_sdiv.o)
    0x08001eb6   0x00000006   Code   RO          401    .text               c_p.l(heapauxi.o)
    0x08001ebc   0x00000448   Code   RO          405    .text               fz_ps.l(ddiv.o)
    0x08002304   0x00000058   Code   RO          408    .text               fz_ps.l(dflti.o)
    0x0800235c   0x00000002   Code   RO          412    .text               c_p.l(use_no_semi.o)
    0x0800235e   0x000000b0   Code   RO          425    .text               c_p.l(_printf_intcommon.o)
    0x0800240e   0x00000002   PAD
    0x08002410   0x00000414   Code   RO          429    .text               c_p.l(_printf_fp_dec.o)
    0x08002824   0x00000028   Code   RO          431    .text               c_p.l(_printf_char_file.o)
    0x0800284c   0x00000028   Code   RO          486    .text               c_p.l(rtudiv10.o)
    0x08002874   0x00000008   Code   RO          515    .text               c_p.l(rt_locale_intlibspace.o)
    0x0800287c   0x0000007a   Code   RO          517    .text               c_p.l(lludiv10.o)
    0x080028f6   0x00000002   PAD
    0x080028f8   0x00000030   Code   RO          522    .text               c_p.l(_printf_char_common.o)
    0x08002928   0x00000088   Code   RO          524    .text               c_p.l(_printf_fp_infnan.o)
    0x080029b0   0x000000c8   Code   RO          530    .text               c_p.l(bigflt0.o)
    0x08002a78   0x000004a8   Code   RO          533    .text               c_p.l(btod.o)
    0x08002f20   0x00000008   Code   RO          537    .text               c_p.l(ferror.o)
    0x08002f28   0x00000008   Code   RO          550    .text               c_p.l(libspace.o)
    0x08002f30   0x0000003e   Code   RO          553    .text               c_p.l(sys_stackheap_outer.o)
    0x08002f6e   0x0000000c   Code   RO          560    .text               c_p.l(exit.o)
    0x08002f7a   0x00000002   PAD
    0x08002f7c   0x00000088   Code   RO          566    .text               c_p.l(strcmp.o)
    0x08003004   0x00000030   Code   RO          535    i.__ARM_common_ll_muluu  c_p.l(btod.o)
    0x08003034   0x0000002c   Code   RO          548    i.__ARM_fpclassify  m_ps.l(fpclassify.o)
    0x08003060   0x0000000e   Code   RO          384    i._is_digit         c_p.l(__printf_wp.o)
    0x0800306e   0x00000002   PAD
    0x08003070   0x0000002c   Code   RO          544    locale$$code        c_p.l(lc_numeric_c.o)
    0x0800309c   0x00000010   Code   RO          410    x$fpl$printf1       fz_ps.l(printf1.o)
    0x080030ac   0x00000000   Code   RO          494    x$fpl$usenofp       fz_ps.l(usenofp.o)
    0x080030ac   0x00000011   Data   RO          392    .constdata          c_p.l(__printf_flags_ss_wp.o)
    0x080030bd   0x00000080   Data   RO          406    .constdata          fz_ps.l(ddiv.o)
    0x0800313d   0x00000003   PAD
    0x08003140   0x00000094   Data   RO          531    .constdata          c_p.l(bigflt0.o)
    0x080031d4   0x00000020   Data   RO          695    Region$$Table       anon$$obj.o
    0x080031f4   0x0000001c   Data   RO          543    locale$$data        c_p.l(lc_numeric_c.o)


    Execution Region ER_RW (Base: 0x20000000, Size: 0x00000034, Max: 0xffffffff, ABSOLUTE)

    Base Addr    Size         Type   Attr      Idx    E Section Name        Object

    0x20000000   0x00000014   Data   RW           94    .data               system_stm32f0xx.o
    0x20000014   0x00000004   Data   RW          149    .data               bme280.o
    0x20000018   0x00000006   Data   RW          194    .data               usart1.o
    0x2000001e   0x00000004   Data   RW          278    .data               delay.o
    0x20000022   0x00000010   Data   RW          312    .data               stm32f0xx_rcc.o


    Execution Region ER_ZI (Base: 0x20000034, Size: 0x00000684, Max: 0xffffffff, ABSOLUTE)

    Base Addr    Size         Type   Attr      Idx    E Section Name        Object

    0x20000034   0x00000024   Zero   RW          148    .bss                bme280.o
    0x20000058   0x00000060   Zero   RW          551    .bss                c_p.l(libspace.o)
    0x200000b8   0x00000200   Zero   RW          167    HEAP                startup_stm32f0xx.o
    0x200002b8   0x00000400   Zero   RW          166    STACK               startup_stm32f0xx.o


==============================================================================

Image component sizes


      Code (inc. data)   RO Data    RW Data    ZI Data      Debug   Object Name

      1232        130          0          4         36       3120   bme280.o
       212         20          0          4          0        919   delay.o
       228         62          0          0          0      30099   main.o
       476          4          0          0          0      86581   myspi.o
        56         26        192          0       1536        588   startup_stm32f0xx.o
       496         22          0          0          0       3573   stm32f0xx_gpio.o
        12          0          0          0          0        739   stm32f0xx_it.o
       180         14          0          0          0       1256   stm32f0xx_misc.o
      1528         42          0         16          0       8350   stm32f0xx_rcc.o
      1396         12          0          0          0      11923   stm32f0xx_usart.o
       504         34          0         20          0       1483   system_stm32f0xx.o
       264         16          0          6          0       2886   usart1.o

    ----------------------------------------------------------------------
      6584        382        224         52       1572     151517   Object Totals
         0          0         32          0          0          0   (incl. Generated)
         0          0          0          2          0          0   (incl. Padding)

    ----------------------------------------------------------------------

      Code (inc. data)   RO Data    RW Data    ZI Data      Debug   Library Member Name

        28          6          0          0          0         84   __2printf.o
         8          0          0          0          0         68   __main.o
       392          6         17          0          0         76   __printf_flags_ss_wp.o
        14          0          0          0          0         60   __printf_wp.o
        60          8          0          0          0          0   __scatter.o
        26          0          0          0          0          0   __scatter_copy.o
        28          0          0          0          0          0   __scatter_zi.o
        48          6          0          0          0         88   _printf_char_common.o
        40          6          0          0          0         72   _printf_char_file.o
        10          0          0          0          0          0   _printf_d.o
       108         18          0          0          0         76   _printf_dec.o
        10          0          0          0          0          0   _printf_f.o
      1044         14          0          0          0        176   _printf_fp_dec.o
       136         16          0          0          0         76   _printf_fp_infnan.o
       176          0          0          0          0         84   _printf_intcommon.o
         2          0          0          0          0          0   _printf_percent.o
         4          0          0          0          0          0   _printf_percent_end.o
       346          0          0          0          0         92   aeabi_sdiv.o
       200          4        148          0          0         80   bigflt0.o
      1240         12          0          0          0        316   btod.o
        12          0          0          0          0         64   exit.o
         8          0          0          0          0         60   ferror.o
         6          0          0          0          0        136   heapauxi.o
        44         10         28          0          0         76   lc_numeric_c.o
         2          0          0          0          0          0   libinit.o
        22          0          0          0          0          0   libinit2.o
         2          0          0          0          0          0   libshutdown.o
         2          0          0          0          0          0   libshutdown2.o
         8          4          0          0         96         68   libspace.o
       122          0          0          0          0         72   lludiv10.o
         8          4          0          0          0         68   rt_locale_intlibspace.o
         0          0          0          0          0          0   rtentry.o
        12          0          0          0          0          0   rtentry2.o
         6          0          0          0          0          0   rtentry4.o
         2          0          0          0          0          0   rtexit.o
        10          0          0          0          0          0   rtexit2.o
        40          0          0          0          0         60   rtudiv10.o
       136          4          0          0          0         72   strcmp.o
        62          0          0          0          0         80   sys_stackheap_outer.o
         2          0          0          0          0         68   use_no_semi.o
         2          0          0          0          0         68   use_no_semi_2.o
      1096         26        128          0          0        116   ddiv.o
        88          0          0          0          0         92   dflti.o
        16          4          0          0          0         76   printf1.o
         0          0          0          0          0          0   usenofp.o
        44          4          0          0          0         60   fpclassify.o

    ----------------------------------------------------------------------
      5684        152        324          0         96       2584   Library Totals
        12          0          3          0          0          0   (incl. Padding)

    ----------------------------------------------------------------------

      Code (inc. data)   RO Data    RW Data    ZI Data      Debug   Library Name

      4428        118        193          0         96       2240   c_p.l
      1200         30        128          0          0        284   fz_ps.l
        44          4          0          0          0         60   m_ps.l

    ----------------------------------------------------------------------
      5684        152        324          0         96       2584   Library Totals

    ----------------------------------------------------------------------

==============================================================================


      Code (inc. data)   RO Data    RW Data    ZI Data      Debug   

     12268        534        548         52       1668     152209   Grand Totals
     12268        534        548         52       1668     152209   ELF Image Totals
     12268        534        548         52          0          0   ROM Totals

==============================================================================

    Total RO  Size (Code + RO Data)                12816 (  12.52kB)
    Total RW  Size (RW Data + ZI Data)              1720 (   1.68kB)
    Total ROM Size (Code + RO Data + RW Data)      12868 (  12.57kB)

==============================================================================

